Report time       : Thu Nov 17 21:57:42 IST 2022.
Solution          : solution2.
Simulation tool   : xsim.

+----------+----------+-----------------------------------------------+-----------------------------------------------+
|          |          |                    Latency                    |                    Interval                   |
+   RTL    +  Status  +-----------------------------------------------+-----------------------------------------------+
|          |          |      min      |      avg      |      max      |      min      |      avg      |      max      |
+----------+----------+-----------------------------------------------+-----------------------------------------------+
|      VHDL|        NA|             NA|             NA|             NA|             NA|             NA|             NA|
|   Verilog|      Pass|         230674|         230674|         230674|             NA|             NA|             NA|
+----------+----------+-----------------------------------------------+-----------------------------------------------+
