#-----------------------------------------------------------
# Vivado v2018.3 (64-bit)
# SW Build 2405991 on Thu Dec  6 23:38:27 MST 2018
# IP Build 2404404 on Fri Dec  7 01:43:56 MST 2018
# Start of session at: Fri Nov 25 22:53:14 2022
# Process ID: 20060
# Current directory: D:/HLS_PROJECT/CONTRAST_HISTOGRAM
# Command line: vivado.exe -gui_launcher_event rodinguilauncherevent19464 D:\HLS_PROJECT\CONTRAST_HISTOGRAM\CONTRAST_HISTOGRAM.xpr
# Log file: D:/HLS_PROJECT/CONTRAST_HISTOGRAM/vivado.log
# Journal file: D:/HLS_PROJECT/CONTRAST_HISTOGRAM\vivado.jou
#-----------------------------------------------------------
start_gui
open_project D:/HLS_PROJECT/CONTRAST_HISTOGRAM/CONTRAST_HISTOGRAM.xpr
update_compile_order -fileset sources_1
file copy -force D:/HLS_PROJECT/CONTRAST_HISTOGRAM/CONTRAST_HISTOGRAM.runs/impl_1/Block_design_wrapper.sysdef D:/HLS_PROJECT/CONTRAST_HISTOGRAM/CONTRAST_HISTOGRAM.sdk/Block_design_wrapper.hdf

launch_sdk -workspace D:/HLS_PROJECT/CONTRAST_HISTOGRAM/CONTRAST_HISTOGRAM.sdk -hwspec D:/HLS_PROJECT/CONTRAST_HISTOGRAM/CONTRAST_HISTOGRAM.sdk/Block_design_wrapper.hdf
