01:21:49 **** Auto Build of configuration Debug for project finalP ****
make pre-build main-build 
a9-linaro-pre-build-step
' '
'Building file: ../src/main.c'
'Invoking: ARM v7 gcc compiler'
arm-none-eabi-gcc -Wall -O0 -g3 -c -fmessage-length=0 -MT"src/main.o" -mcpu=cortex-a9 -mfpu=vfpv3 -mfloat-abi=hard -I../../finalP_bsp/ps7_cortexa9_0/include -MMD -MP -MF"src/main.d" -MT"src/main.o" -o "src/main.o" "../src/main.c"
In file included from ../src/main.c:5:0:
../../finalP_bsp/ps7_cortexa9_0/include/xtime_l.h:87:9: note: #pragma message: For the sleep routines, Global timer is being used
 #pragma message ("For the sleep routines, Global timer is being used")
         ^~~~~~~
../src/main.c: In function 'main':
../src/main.c:113:6: warning: unused variable 'c' [-Wunused-variable]
  int c=0;
      ^
'Finished building: ../src/main.c'
' '
'Building target: finalP.elf'
'Invoking: ARM v7 gcc linker'
arm-none-eabi-gcc -mcpu=cortex-a9 -mfpu=vfpv3 -mfloat-abi=hard -Wl,-build-id=none -specs=Xilinx.spec -Wl,-T -Wl,../src/lscript.ld -L../../finalP_bsp/ps7_cortexa9_0/lib -o "finalP.elf"  ./src/main.o ./src/platform.o   -Wl,--start-group,-lxil,-lgcc,-lc,--end-group
'Finished building target: finalP.elf'
' '
'Invoking: ARM v7 Print Size'
arm-none-eabi-size finalP.elf  |tee "finalP.elf.size"
   text	   data	    bss	    dec	    hex	filename
  41280	  79088	 179160	 299528	  49208	finalP.elf
'Finished building: finalP.elf.size'
' '

01:22:03 Build Finished (took 14s.290ms)

