13:05:43 **** Build of project finalP_bsp ****
make -k all 
"Running Make include in ps7_cortexa9_0/libsrc/axidma_v9_8/src"
make -C ps7_cortexa9_0/libsrc/axidma_v9_8/src -s include  "SHELL=CMD" "COMPILER=arm-none-eabi-gcc" "ARCHIVER=arm-none-eabi-ar" "COMPILER_FLAGS=  -O2 -c" "EXTRA_COMPILER_FLAGS=-mcpu=cortex-a9 -mfpu=vfpv3 -mfloat-abi=hard -nostartfiles -g -Wall -Wextra"
"Running Make include in ps7_cortexa9_0/libsrc/bram_v4_2/src"
make -C ps7_cortexa9_0/libsrc/bram_v4_2/src -s include  "SHELL=CMD" "COMPILER=arm-none-eabi-gcc" "ARCHIVER=arm-none-eabi-ar" "COMPILER_FLAGS=  -O2 -c" "EXTRA_COMPILER_FLAGS=-mcpu=cortex-a9 -mfpu=vfpv3 -mfloat-abi=hard -nostartfiles -g -Wall -Wextra"
"Running Make include in ps7_cortexa9_0/libsrc/coresightps_dcc_v1_4/src"
make -C ps7_cortexa9_0/libsrc/coresightps_dcc_v1_4/src -s include  "SHELL=CMD" "COMPILER=arm-none-eabi-gcc" "ARCHIVER=arm-none-eabi-ar" "COMPILER_FLAGS=  -O2 -c" "EXTRA_COMPILER_FLAGS=-mcpu=cortex-a9 -mfpu=vfpv3 -mfloat-abi=hard -nostartfiles -g -Wall -Wextra"
"Running Make include in ps7_cortexa9_0/libsrc/cpu_cortexa9_v2_7/src"
make -C ps7_cortexa9_0/libsrc/cpu_cortexa9_v2_7/src -s include  "SHELL=CMD" "COMPILER=arm-none-eabi-gcc" "ARCHIVER=arm-none-eabi-ar" "COMPILER_FLAGS=  -O2 -c" "EXTRA_COMPILER_FLAGS=-mcpu=cortex-a9 -mfpu=vfpv3 -mfloat-abi=hard -nostartfiles -g -Wall -Wextra"
"Running Make include in ps7_cortexa9_0/libsrc/ddrps_v1_0/src"
make -C ps7_cortexa9_0/libsrc/ddrps_v1_0/src -s include  "SHELL=CMD" "COMPILER=arm-none-eabi-gcc" "ARCHIVER=arm-none-eabi-ar" "COMPILER_FLAGS=  -O2 -c" "EXTRA_COMPILER_FLAGS=-mcpu=cortex-a9 -mfpu=vfpv3 -mfloat-abi=hard -nostartfiles -g -Wall -Wextra"
"Running Make include in ps7_cortexa9_0/libsrc/devcfg_v3_5/src"
make -C ps7_cortexa9_0/libsrc/devcfg_v3_5/src -s include  "SHELL=CMD" "COMPILER=arm-none-eabi-gcc" "ARCHIVER=arm-none-eabi-ar" "COMPILER_FLAGS=  -O2 -c" "EXTRA_COMPILER_FLAGS=-mcpu=cortex-a9 -mfpu=vfpv3 -mfloat-abi=hard -nostartfiles -g -Wall -Wextra"
"Running Make include in ps7_cortexa9_0/libsrc/dmaps_v2_4/src"
make -C ps7_cortexa9_0/libsrc/dmaps_v2_4/src -s include  "SHELL=CMD" "COMPILER=arm-none-eabi-gcc" "ARCHIVER=arm-none-eabi-ar" "COMPILER_FLAGS=  -O2 -c" "EXTRA_COMPILER_FLAGS=-mcpu=cortex-a9 -mfpu=vfpv3 -mfloat-abi=hard -nostartfiles -g -Wall -Wextra"
"Running Make include in ps7_cortexa9_0/libsrc/doHistStrech_v1_0/src"
make -C ps7_cortexa9_0/libsrc/doHistStrech_v1_0/src -s include  "SHELL=CMD" "COMPILER=arm-none-eabi-gcc" "ARCHIVER=arm-none-eabi-ar" "COMPILER_FLAGS=  -O2 -c" "EXTRA_COMPILER_FLAGS=-mcpu=cortex-a9 -mfpu=vfpv3 -mfloat-abi=hard -nostartfiles -g -Wall -Wextra"
"Running Make include in ps7_cortexa9_0/libsrc/doHist_v1_0/src"
make -C ps7_cortexa9_0/libsrc/doHist_v1_0/src -s include  "SHELL=CMD" "COMPILER=arm-none-eabi-gcc" "ARCHIVER=arm-none-eabi-ar" "COMPILER_FLAGS=  -O2 -c" "EXTRA_COMPILER_FLAGS=-mcpu=cortex-a9 -mfpu=vfpv3 -mfloat-abi=hard -nostartfiles -g -Wall -Wextra"
"Running Make include in ps7_cortexa9_0/libsrc/emacps_v3_8/src"
make -C ps7_cortexa9_0/libsrc/emacps_v3_8/src -s include  "SHELL=CMD" "COMPILER=arm-none-eabi-gcc" "ARCHIVER=arm-none-eabi-ar" "COMPILER_FLAGS=  -O2 -c" "EXTRA_COMPILER_FLAGS=-mcpu=cortex-a9 -mfpu=vfpv3 -mfloat-abi=hard -nostartfiles -g -Wall -Wextra"
"Running Make include in ps7_cortexa9_0/libsrc/gpiops_v3_4/src"
make -C ps7_cortexa9_0/libsrc/gpiops_v3_4/src -s include  "SHELL=CMD" "COMPILER=arm-none-eabi-gcc" "ARCHIVER=arm-none-eabi-ar" "COMPILER_FLAGS=  -O2 -c" "EXTRA_COMPILER_FLAGS=-mcpu=cortex-a9 -mfpu=vfpv3 -mfloat-abi=hard -nostartfiles -g -Wall -Wextra"
"Running Make include in ps7_cortexa9_0/libsrc/qspips_v3_5/src"
make -C ps7_cortexa9_0/libsrc/qspips_v3_5/src -s include  "SHELL=CMD" "COMPILER=arm-none-eabi-gcc" "ARCHIVER=arm-none-eabi-ar" "COMPILER_FLAGS=  -O2 -c" "EXTRA_COMPILER_FLAGS=-mcpu=cortex-a9 -mfpu=vfpv3 -mfloat-abi=hard -nostartfiles -g -Wall -Wextra"
"Running Make include in ps7_cortexa9_0/libsrc/scugic_v3_10/src"
make -C ps7_cortexa9_0/libsrc/scugic_v3_10/src -s include  "SHELL=CMD" "COMPILER=arm-none-eabi-gcc" "ARCHIVER=arm-none-eabi-ar" "COMPILER_FLAGS=  -O2 -c" "EXTRA_COMPILER_FLAGS=-mcpu=cortex-a9 -mfpu=vfpv3 -mfloat-abi=hard -nostartfiles -g -Wall -Wextra"
"Running Make include in ps7_cortexa9_0/libsrc/scutimer_v2_1/src"
make -C ps7_cortexa9_0/libsrc/scutimer_v2_1/src -s include  "SHELL=CMD" "COMPILER=arm-none-eabi-gcc" "ARCHIVER=arm-none-eabi-ar" "COMPILER_FLAGS=  -O2 -c" "EXTRA_COMPILER_FLAGS=-mcpu=cortex-a9 -mfpu=vfpv3 -mfloat-abi=hard -nostartfiles -g -Wall -Wextra"
"Running Make include in ps7_cortexa9_0/libsrc/scuwdt_v2_1/src"
make -C ps7_cortexa9_0/libsrc/scuwdt_v2_1/src -s include  "SHELL=CMD" "COMPILER=arm-none-eabi-gcc" "ARCHIVER=arm-none-eabi-ar" "COMPILER_FLAGS=  -O2 -c" "EXTRA_COMPILER_FLAGS=-mcpu=cortex-a9 -mfpu=vfpv3 -mfloat-abi=hard -nostartfiles -g -Wall -Wextra"
"Running Make include in ps7_cortexa9_0/libsrc/sdps_v3_6/src"
make -C ps7_cortexa9_0/libsrc/sdps_v3_6/src -s include  "SHELL=CMD" "COMPILER=arm-none-eabi-gcc" "ARCHIVER=arm-none-eabi-ar" "COMPILER_FLAGS=  -O2 -c" "EXTRA_COMPILER_FLAGS=-mcpu=cortex-a9 -mfpu=vfpv3 -mfloat-abi=hard -nostartfiles -g -Wall -Wextra"
"Running Make include in ps7_cortexa9_0/libsrc/standalone_v6_8/src"
make -C ps7_cortexa9_0/libsrc/standalone_v6_8/src -s include  "SHELL=CMD" "COMPILER=arm-none-eabi-gcc" "ARCHIVER=arm-none-eabi-ar" "COMPILER_FLAGS=  -O2 -c" "EXTRA_COMPILER_FLAGS=-mcpu=cortex-a9 -mfpu=vfpv3 -mfloat-abi=hard -nostartfiles -g -Wall -Wextra"
"Running Make include in ps7_cortexa9_0/libsrc/ttcps_v3_7/src"
make -C ps7_cortexa9_0/libsrc/ttcps_v3_7/src -s include  "SHELL=CMD" "COMPILER=arm-none-eabi-gcc" "ARCHIVER=arm-none-eabi-ar" "COMPILER_FLAGS=  -O2 -c" "EXTRA_COMPILER_FLAGS=-mcpu=cortex-a9 -mfpu=vfpv3 -mfloat-abi=hard -nostartfiles -g -Wall -Wextra"
"Running Make include in ps7_cortexa9_0/libsrc/uartps_v3_7/src"
make -C ps7_cortexa9_0/libsrc/uartps_v3_7/src -s include  "SHELL=CMD" "COMPILER=arm-none-eabi-gcc" "ARCHIVER=arm-none-eabi-ar" "COMPILER_FLAGS=  -O2 -c" "EXTRA_COMPILER_FLAGS=-mcpu=cortex-a9 -mfpu=vfpv3 -mfloat-abi=hard -nostartfiles -g -Wall -Wextra"
"Running Make include in ps7_cortexa9_0/libsrc/usbps_v2_4/src"
make -C ps7_cortexa9_0/libsrc/usbps_v2_4/src -s include  "SHELL=CMD" "COMPILER=arm-none-eabi-gcc" "ARCHIVER=arm-none-eabi-ar" "COMPILER_FLAGS=  -O2 -c" "EXTRA_COMPILER_FLAGS=-mcpu=cortex-a9 -mfpu=vfpv3 -mfloat-abi=hard -nostartfiles -g -Wall -Wextra"
"Running Make include in ps7_cortexa9_0/libsrc/xadcps_v2_3/src"
make -C ps7_cortexa9_0/libsrc/xadcps_v2_3/src -s include  "SHELL=CMD" "COMPILER=arm-none-eabi-gcc" "ARCHIVER=arm-none-eabi-ar" "COMPILER_FLAGS=  -O2 -c" "EXTRA_COMPILER_FLAGS=-mcpu=cortex-a9 -mfpu=vfpv3 -mfloat-abi=hard -nostartfiles -g -Wall -Wextra"
"Running Make libs in ps7_cortexa9_0/libsrc/axidma_v9_8/src"
make -C ps7_cortexa9_0/libsrc/axidma_v9_8/src -s libs  "SHELL=CMD" "COMPILER=arm-none-eabi-gcc" "ARCHIVER=arm-none-eabi-ar" "COMPILER_FLAGS=  -O2 -c" "EXTRA_COMPILER_FLAGS=-mcpu=cortex-a9 -mfpu=vfpv3 -mfloat-abi=hard -nostartfiles -g -Wall -Wextra"
"Compiling axidma"
arm-none-eabi-ar: creating ../../../lib/libxil.a
"Running Make libs in ps7_cortexa9_0/libsrc/bram_v4_2/src"
make -C ps7_cortexa9_0/libsrc/bram_v4_2/src -s libs  "SHELL=CMD" "COMPILER=arm-none-eabi-gcc" "ARCHIVER=arm-none-eabi-ar" "COMPILER_FLAGS=  -O2 -c" "EXTRA_COMPILER_FLAGS=-mcpu=cortex-a9 -mfpu=vfpv3 -mfloat-abi=hard -nostartfiles -g -Wall -Wextra"
"Compiling bram"
"Running Make libs in ps7_cortexa9_0/libsrc/coresightps_dcc_v1_4/src"
make -C ps7_cortexa9_0/libsrc/coresightps_dcc_v1_4/src -s libs  "SHELL=CMD" "COMPILER=arm-none-eabi-gcc" "ARCHIVER=arm-none-eabi-ar" "COMPILER_FLAGS=  -O2 -c" "EXTRA_COMPILER_FLAGS=-mcpu=cortex-a9 -mfpu=vfpv3 -mfloat-abi=hard -nostartfiles -g -Wall -Wextra"
"Compiling coresightps_dcc"
"Running Make libs in ps7_cortexa9_0/libsrc/cpu_cortexa9_v2_7/src"
make -C ps7_cortexa9_0/libsrc/cpu_cortexa9_v2_7/src -s libs  "SHELL=CMD" "COMPILER=arm-none-eabi-gcc" "ARCHIVER=arm-none-eabi-ar" "COMPILER_FLAGS=  -O2 -c" "EXTRA_COMPILER_FLAGS=-mcpu=cortex-a9 -mfpu=vfpv3 -mfloat-abi=hard -nostartfiles -g -Wall -Wextra"
"Compiling cpu_cortexa9"
"Running Make libs in ps7_cortexa9_0/libsrc/ddrps_v1_0/src"
make -C ps7_cortexa9_0/libsrc/ddrps_v1_0/src -s libs  "SHELL=CMD" "COMPILER=arm-none-eabi-gcc" "ARCHIVER=arm-none-eabi-ar" "COMPILER_FLAGS=  -O2 -c" "EXTRA_COMPILER_FLAGS=-mcpu=cortex-a9 -mfpu=vfpv3 -mfloat-abi=hard -nostartfiles -g -Wall -Wextra"
"Compiling ddrps"
"Running Make libs in ps7_cortexa9_0/libsrc/devcfg_v3_5/src"
make -C ps7_cortexa9_0/libsrc/devcfg_v3_5/src -s libs  "SHELL=CMD" "COMPILER=arm-none-eabi-gcc" "ARCHIVER=arm-none-eabi-ar" "COMPILER_FLAGS=  -O2 -c" "EXTRA_COMPILER_FLAGS=-mcpu=cortex-a9 -mfpu=vfpv3 -mfloat-abi=hard -nostartfiles -g -Wall -Wextra"
"Compiling devcfg"
"Running Make libs in ps7_cortexa9_0/libsrc/dmaps_v2_4/src"
make -C ps7_cortexa9_0/libsrc/dmaps_v2_4/src -s libs  "SHELL=CMD" "COMPILER=arm-none-eabi-gcc" "ARCHIVER=arm-none-eabi-ar" "COMPILER_FLAGS=  -O2 -c" "EXTRA_COMPILER_FLAGS=-mcpu=cortex-a9 -mfpu=vfpv3 -mfloat-abi=hard -nostartfiles -g -Wall -Wextra"
"Compiling dmaps"
"Running Make libs in ps7_cortexa9_0/libsrc/doHistStrech_v1_0/src"
make -C ps7_cortexa9_0/libsrc/doHistStrech_v1_0/src -s libs  "SHELL=CMD" "COMPILER=arm-none-eabi-gcc" "ARCHIVER=arm-none-eabi-ar" "COMPILER_FLAGS=  -O2 -c" "EXTRA_COMPILER_FLAGS=-mcpu=cortex-a9 -mfpu=vfpv3 -mfloat-abi=hard -nostartfiles -g -Wall -Wextra"
"Compiling doHistStrech"
"Running Make libs in ps7_cortexa9_0/libsrc/doHist_v1_0/src"
make -C ps7_cortexa9_0/libsrc/doHist_v1_0/src -s libs  "SHELL=CMD" "COMPILER=arm-none-eabi-gcc" "ARCHIVER=arm-none-eabi-ar" "COMPILER_FLAGS=  -O2 -c" "EXTRA_COMPILER_FLAGS=-mcpu=cortex-a9 -mfpu=vfpv3 -mfloat-abi=hard -nostartfiles -g -Wall -Wextra"
"Compiling doHist"
"Running Make libs in ps7_cortexa9_0/libsrc/emacps_v3_8/src"
make -C ps7_cortexa9_0/libsrc/emacps_v3_8/src -s libs  "SHELL=CMD" "COMPILER=arm-none-eabi-gcc" "ARCHIVER=arm-none-eabi-ar" "COMPILER_FLAGS=  -O2 -c" "EXTRA_COMPILER_FLAGS=-mcpu=cortex-a9 -mfpu=vfpv3 -mfloat-abi=hard -nostartfiles -g -Wall -Wextra"
"Compiling emacps"
"Running Make libs in ps7_cortexa9_0/libsrc/gpiops_v3_4/src"
make -C ps7_cortexa9_0/libsrc/gpiops_v3_4/src -s libs  "SHELL=CMD" "COMPILER=arm-none-eabi-gcc" "ARCHIVER=arm-none-eabi-ar" "COMPILER_FLAGS=  -O2 -c" "EXTRA_COMPILER_FLAGS=-mcpu=cortex-a9 -mfpu=vfpv3 -mfloat-abi=hard -nostartfiles -g -Wall -Wextra"
"Compiling gpiops"
"Running Make libs in ps7_cortexa9_0/libsrc/qspips_v3_5/src"
make -C ps7_cortexa9_0/libsrc/qspips_v3_5/src -s libs  "SHELL=CMD" "COMPILER=arm-none-eabi-gcc" "ARCHIVER=arm-none-eabi-ar" "COMPILER_FLAGS=  -O2 -c" "EXTRA_COMPILER_FLAGS=-mcpu=cortex-a9 -mfpu=vfpv3 -mfloat-abi=hard -nostartfiles -g -Wall -Wextra"
"Compiling qspips"
"Running Make libs in ps7_cortexa9_0/libsrc/scugic_v3_10/src"
make -C ps7_cortexa9_0/libsrc/scugic_v3_10/src -s libs  "SHELL=CMD" "COMPILER=arm-none-eabi-gcc" "ARCHIVER=arm-none-eabi-ar" "COMPILER_FLAGS=  -O2 -c" "EXTRA_COMPILER_FLAGS=-mcpu=cortex-a9 -mfpu=vfpv3 -mfloat-abi=hard -nostartfiles -g -Wall -Wextra"
"Compiling scugic"
"Running Make libs in ps7_cortexa9_0/libsrc/scutimer_v2_1/src"
make -C ps7_cortexa9_0/libsrc/scutimer_v2_1/src -s libs  "SHELL=CMD" "COMPILER=arm-none-eabi-gcc" "ARCHIVER=arm-none-eabi-ar" "COMPILER_FLAGS=  -O2 -c" "EXTRA_COMPILER_FLAGS=-mcpu=cortex-a9 -mfpu=vfpv3 -mfloat-abi=hard -nostartfiles -g -Wall -Wextra"
"Compiling scutimer"
"Running Make libs in ps7_cortexa9_0/libsrc/scuwdt_v2_1/src"
make -C ps7_cortexa9_0/libsrc/scuwdt_v2_1/src -s libs  "SHELL=CMD" "COMPILER=arm-none-eabi-gcc" "ARCHIVER=arm-none-eabi-ar" "COMPILER_FLAGS=  -O2 -c" "EXTRA_COMPILER_FLAGS=-mcpu=cortex-a9 -mfpu=vfpv3 -mfloat-abi=hard -nostartfiles -g -Wall -Wextra"
"Compiling scuwdt"
"Running Make libs in ps7_cortexa9_0/libsrc/sdps_v3_6/src"
make -C ps7_cortexa9_0/libsrc/sdps_v3_6/src -s libs  "SHELL=CMD" "COMPILER=arm-none-eabi-gcc" "ARCHIVER=arm-none-eabi-ar" "COMPILER_FLAGS=  -O2 -c" "EXTRA_COMPILER_FLAGS=-mcpu=cortex-a9 -mfpu=vfpv3 -mfloat-abi=hard -nostartfiles -g -Wall -Wextra"
"Compiling sdps"
"Running Make libs in ps7_cortexa9_0/libsrc/standalone_v6_8/src"
make -C ps7_cortexa9_0/libsrc/standalone_v6_8/src -s libs  "SHELL=CMD" "COMPILER=arm-none-eabi-gcc" "ARCHIVER=arm-none-eabi-ar" "COMPILER_FLAGS=  -O2 -c" "EXTRA_COMPILER_FLAGS=-mcpu=cortex-a9 -mfpu=vfpv3 -mfloat-abi=hard -nostartfiles -g -Wall -Wextra"
"Compiling standalone"
In file included from usleep.c:56:0:
xtime_l.h:87:9: note: #pragma message: For the sleep routines, Global timer is being used
 #pragma message ("For the sleep routines, Global timer is being used")
         ^~~~~~~
In file included from xil_sleeptimer.c:51:0:
xtime_l.h:87:9: note: #pragma message: For the sleep routines, Global timer is being used
 #pragma message ("For the sleep routines, Global timer is being used")
         ^~~~~~~
In file included from xtime_l.c:49:0:
xtime_l.h:87:9: note: #pragma message: For the sleep routines, Global timer is being used
 #pragma message ("For the sleep routines, Global timer is being used")
         ^~~~~~~
In file included from sleep.c:53:0:
xtime_l.h:87:9: note: #pragma message: For the sleep routines, Global timer is being used
 #pragma message ("For the sleep routines, Global timer is being used")
         ^~~~~~~
"Running Make libs in ps7_cortexa9_0/libsrc/ttcps_v3_7/src"
make -C ps7_cortexa9_0/libsrc/ttcps_v3_7/src -s libs  "SHELL=CMD" "COMPILER=arm-none-eabi-gcc" "ARCHIVER=arm-none-eabi-ar" "COMPILER_FLAGS=  -O2 -c" "EXTRA_COMPILER_FLAGS=-mcpu=cortex-a9 -mfpu=vfpv3 -mfloat-abi=hard -nostartfiles -g -Wall -Wextra"
"Compiling ttcps"
"Running Make libs in ps7_cortexa9_0/libsrc/uartps_v3_7/src"
make -C ps7_cortexa9_0/libsrc/uartps_v3_7/src -s libs  "SHELL=CMD" "COMPILER=arm-none-eabi-gcc" "ARCHIVER=arm-none-eabi-ar" "COMPILER_FLAGS=  -O2 -c" "EXTRA_COMPILER_FLAGS=-mcpu=cortex-a9 -mfpu=vfpv3 -mfloat-abi=hard -nostartfiles -g -Wall -Wextra"
"Compiling uartps"
"Running Make libs in ps7_cortexa9_0/libsrc/usbps_v2_4/src"
make -C ps7_cortexa9_0/libsrc/usbps_v2_4/src -s libs  "SHELL=CMD" "COMPILER=arm-none-eabi-gcc" "ARCHIVER=arm-none-eabi-ar" "COMPILER_FLAGS=  -O2 -c" "EXTRA_COMPILER_FLAGS=-mcpu=cortex-a9 -mfpu=vfpv3 -mfloat-abi=hard -nostartfiles -g -Wall -Wextra"
"Compiling usbps"
"Running Make libs in ps7_cortexa9_0/libsrc/xadcps_v2_3/src"
make -C ps7_cortexa9_0/libsrc/xadcps_v2_3/src -s libs  "SHELL=CMD" "COMPILER=arm-none-eabi-gcc" "ARCHIVER=arm-none-eabi-ar" "COMPILER_FLAGS=  -O2 -c" "EXTRA_COMPILER_FLAGS=-mcpu=cortex-a9 -mfpu=vfpv3 -mfloat-abi=hard -nostartfiles -g -Wall -Wextra"
"Compiling xadcps"
'Finished building libraries'
13:06:12 **** Build of configuration Debug for project finalP ****
make pre-build main-build 
a9-linaro-pre-build-step
' '
'Building file: ../src/helloworld.c'
'Invoking: ARM v7 gcc compiler'
arm-none-eabi-gcc -Wall -O0 -g3 -c -fmessage-length=0 -MT"src/helloworld.o" -mcpu=cortex-a9 -mfpu=vfpv3 -mfloat-abi=hard -I../../finalP_bsp/ps7_cortexa9_0/include -MMD -MP -MF"src/helloworld.d" -MT"src/helloworld.o" -o "src/helloworld.o" "../src/helloworld.c"
'Finished building: ../src/helloworld.c'
' '
'Building file: ../src/main.c'
'Invoking: ARM v7 gcc compiler'
arm-none-eabi-gcc -Wall -O0 -g3 -c -fmessage-length=0 -MT"src/main.o" -mcpu=cortex-a9 -mfpu=vfpv3 -mfloat-abi=hard -I../../finalP_bsp/ps7_cortexa9_0/include -MMD -MP -MF"src/main.d" -MT"src/main.o" -o "src/main.o" "../src/main.c"
'Finished building: ../src/main.c'
' '
'Building file: ../src/platform.c'
'Invoking: ARM v7 gcc compiler'
arm-none-eabi-gcc -Wall -O0 -g3 -c -fmessage-length=0 -MT"src/platform.o" -mcpu=cortex-a9 -mfpu=vfpv3 -mfloat-abi=hard -I../../finalP_bsp/ps7_cortexa9_0/include -MMD -MP -MF"src/platform.d" -MT"src/platform.o" -o "src/platform.o" "../src/platform.c"
'Finished building: ../src/platform.c'
' '
'Building target: finalP.elf'
'Invoking: ARM v7 gcc linker'
arm-none-eabi-gcc -mcpu=cortex-a9 -mfpu=vfpv3 -mfloat-abi=hard -Wl,-build-id=none -specs=Xilinx.spec -Wl,-T -Wl,../src/lscript.ld -L../../finalP_bsp/ps7_cortexa9_0/lib -o "finalP.elf"  ./src/helloworld.o ./src/main.o ./src/platform.o   -Wl,--start-group,-lxil,-lgcc,-lc,--end-group
'Finished building target: finalP.elf'
' '
'Invoking: ARM v7 Print Size'
arm-none-eabi-size finalP.elf  |tee "finalP.elf.size"
   text	   data	    bss	    dec	    hex	filename
  19352	   1144	  22568	  43064	   a838	finalP.elf
'Finished building: finalP.elf.size'
' '
13:06:32 **** Auto Build of configuration Debug for project finalP ****
make pre-build main-build 
a9-linaro-pre-build-step
' '
'Building file: ../src/main.c'
'Invoking: ARM v7 gcc compiler'
arm-none-eabi-gcc -Wall -O0 -g3 -c -fmessage-length=0 -MT"src/main.o" -mcpu=cortex-a9 -mfpu=vfpv3 -mfloat-abi=hard -I../../finalP_bsp/ps7_cortexa9_0/include -MMD -MP -MF"src/main.d" -MT"src/main.o" -o "src/main.o" "../src/main.c"
../src/main.c:4:10: fatal error: LenaOnCode.h: No such file or directory
 #include "LenaOnCode.h"
          ^~~~~~~~~~~~~~
compilation terminated.
make: *** [src/subdir.mk:29: src/main.o] Error 1
13:06:46 **** Auto Build of configuration Debug for project finalP ****
make pre-build main-build 
a9-linaro-pre-build-step
' '
'Building file: ../src/main.c'
'Invoking: ARM v7 gcc compiler'
arm-none-eabi-gcc -Wall -O0 -g3 -c -fmessage-length=0 -MT"src/main.o" -mcpu=cortex-a9 -mfpu=vfpv3 -mfloat-abi=hard -I../../finalP_bsp/ps7_cortexa9_0/include -MMD -MP -MF"src/main.d" -MT"src/main.o" -o "src/main.o" "../src/main.c"
In file included from ../src/main.c:5:0:
../../finalP_bsp/ps7_cortexa9_0/include/xtime_l.h:87:9: note: #pragma message: For the sleep routines, Global timer is being used
 #pragma message ("For the sleep routines, Global timer is being used")
         ^~~~~~~
../src/main.c: In function 'doHistStrechSW':
../src/main.c:97:9: warning: unused variable 'y_t_float' [-Wunused-variable]
   float y_t_float = ((imgIn[idxImg]-xMin)/(xMax_minus_xMin))*255;
         ^~~~~~~~~
../src/main.c: In function 'main':
../src/main.c:110:11: error: 'img' undeclared (first use in this function)
  doHistSW(img,hist_sw);
           ^~~
../src/main.c:110:11: note: each undeclared identifier is reported only once for each function it appears in
make: *** [src/subdir.mk:29: src/main.o] Error 1
13:07:01 **** Auto Build of configuration Debug for project finalP ****
make pre-build main-build 
a9-linaro-pre-build-step
' '
'Building file: ../src/main.c'
'Invoking: ARM v7 gcc compiler'
arm-none-eabi-gcc -Wall -O0 -g3 -c -fmessage-length=0 -MT"src/main.o" -mcpu=cortex-a9 -mfpu=vfpv3 -mfloat-abi=hard -I../../finalP_bsp/ps7_cortexa9_0/include -MMD -MP -MF"src/main.d" -MT"src/main.o" -o "src/main.o" "../src/main.c"
In file included from ../src/main.c:5:0:
../../finalP_bsp/ps7_cortexa9_0/include/xtime_l.h:87:9: note: #pragma message: For the sleep routines, Global timer is being used
 #pragma message ("For the sleep routines, Global timer is being used")
         ^~~~~~~
../src/main.c: In function 'doHistStrechSW':
../src/main.c:97:9: warning: unused variable 'y_t_float' [-Wunused-variable]
   float y_t_float = ((imgIn[idxImg]-xMin)/(xMax_minus_xMin))*255;
         ^~~~~~~~~
'Finished building: ../src/main.c'
' '
'Building target: finalP.elf'
'Invoking: ARM v7 gcc linker'
arm-none-eabi-gcc -mcpu=cortex-a9 -mfpu=vfpv3 -mfloat-abi=hard -Wl,-build-id=none -specs=Xilinx.spec -Wl,-T -Wl,../src/lscript.ld -L../../finalP_bsp/ps7_cortexa9_0/lib -o "finalP.elf"  ./src/helloworld.o ./src/main.o ./src/platform.o   -Wl,--start-group,-lxil,-lgcc,-lc,--end-group
./src/main.o: In function `main':
D:\HLS_PROJECT\CONTRAST_HISTOGRAM\CONTRAST_HISTOGRAM.sdk\finalP\Debug/../src/main.c:102: multiple definition of `main'
./src/helloworld.o:D:\HLS_PROJECT\CONTRAST_HISTOGRAM\CONTRAST_HISTOGRAM.sdk\finalP\Debug/../src/helloworld.c:54: first defined here
collect2.exe: error: ld returned 1 exit status
make: *** [makefile:41: finalP.elf] Error 1
13:07:18 **** Clean-only build of configuration Debug for project finalP ****
make clean 
rm -rf  ./src/helloworld.o ./src/main.o ./src/platform.o  ./src/helloworld.d ./src/main.d ./src/platform.d  finalP.elf.size  finalP.elf
' '
13:07:18 **** Auto Build of configuration Debug for project finalP ****
make pre-build main-build 
a9-linaro-pre-build-step
' '
'Building file: ../src/main.c'
'Invoking: ARM v7 gcc compiler'
arm-none-eabi-gcc -Wall -O0 -g3 -c -fmessage-length=0 -MT"src/main.o" -mcpu=cortex-a9 -mfpu=vfpv3 -mfloat-abi=hard -I../../finalP_bsp/ps7_cortexa9_0/include -MMD -MP -MF"src/main.d" -MT"src/main.o" -o "src/main.o" "../src/main.c"
In file included from ../src/main.c:5:0:
../../finalP_bsp/ps7_cortexa9_0/include/xtime_l.h:87:9: note: #pragma message: For the sleep routines, Global timer is being used
 #pragma message ("For the sleep routines, Global timer is being used")
         ^~~~~~~
../src/main.c: In function 'doHistStrechSW':
../src/main.c:97:9: warning: unused variable 'y_t_float' [-Wunused-variable]
   float y_t_float = ((imgIn[idxImg]-xMin)/(xMax_minus_xMin))*255;
         ^~~~~~~~~
'Finished building: ../src/main.c'
' '
'Building file: ../src/platform.c'
'Invoking: ARM v7 gcc compiler'
arm-none-eabi-gcc -Wall -O0 -g3 -c -fmessage-length=0 -MT"src/platform.o" -mcpu=cortex-a9 -mfpu=vfpv3 -mfloat-abi=hard -I../../finalP_bsp/ps7_cortexa9_0/include -MMD -MP -MF"src/platform.d" -MT"src/platform.o" -o "src/platform.o" "../src/platform.c"
'Finished building: ../src/platform.c'
' '
'Building target: finalP.elf'
'Invoking: ARM v7 gcc linker'
arm-none-eabi-gcc -mcpu=cortex-a9 -mfpu=vfpv3 -mfloat-abi=hard -Wl,-build-id=none -specs=Xilinx.spec -Wl,-T -Wl,../src/lscript.ld -L../../finalP_bsp/ps7_cortexa9_0/lib -o "finalP.elf"  ./src/main.o ./src/platform.o   -Wl,--start-group,-lxil,-lgcc,-lc,--end-group
'Finished building target: finalP.elf'
' '
'Invoking: ARM v7 Print Size'
arm-none-eabi-size finalP.elf  |tee "finalP.elf.size"
   text	   data	    bss	    dec	    hex	filename
  41516	  79088	 179160	 299764	  492f4	finalP.elf
'Finished building: finalP.elf.size'
' '
13:08:20 **** Incremental Build of configuration Debug for project finalP ****
make pre-build main-build 
a9-linaro-pre-build-step
' '
make: Nothing to be done for 'main-build'.
13:13:59 **** Auto Build of configuration Debug for project finalP ****
make pre-build main-build 
a9-linaro-pre-build-step
' '
'Building file: ../src/main.c'
'Invoking: ARM v7 gcc compiler'
arm-none-eabi-gcc -Wall -O0 -g3 -c -fmessage-length=0 -MT"src/main.o" -mcpu=cortex-a9 -mfpu=vfpv3 -mfloat-abi=hard -I../../finalP_bsp/ps7_cortexa9_0/include -MMD -MP -MF"src/main.d" -MT"src/main.o" -o "src/main.o" "../src/main.c"
In file included from ../src/main.c:5:0:
../../finalP_bsp/ps7_cortexa9_0/include/xtime_l.h:87:9: note: #pragma message: For the sleep routines, Global timer is being used
 #pragma message ("For the sleep routines, Global timer is being used")
         ^~~~~~~
../src/main.c: In function 'doHistStrechSW':
../src/main.c:97:9: warning: unused variable 'y_t_float' [-Wunused-variable]
   float y_t_float = ((imgIn[idxImg]-xMin)/(xMax_minus_xMin))*255;
         ^~~~~~~~~
'Finished building: ../src/main.c'
' '
'Building target: finalP.elf'
'Invoking: ARM v7 gcc linker'
arm-none-eabi-gcc -mcpu=cortex-a9 -mfpu=vfpv3 -mfloat-abi=hard -Wl,-build-id=none -specs=Xilinx.spec -Wl,-T -Wl,../src/lscript.ld -L../../finalP_bsp/ps7_cortexa9_0/lib -o "finalP.elf"  ./src/main.o ./src/platform.o   -Wl,--start-group,-lxil,-lgcc,-lc,--end-group
'Finished building target: finalP.elf'
' '
'Invoking: ARM v7 Print Size'
arm-none-eabi-size finalP.elf  |tee "finalP.elf.size"
   text	   data	    bss	    dec	    hex	filename
  41516	  79088	 179160	 299764	  492f4	finalP.elf
'Finished building: finalP.elf.size'
' '
13:15:02 **** Auto Build of configuration Debug for project finalP ****
make pre-build main-build 
a9-linaro-pre-build-step
' '
'Building file: ../src/main.c'
'Invoking: ARM v7 gcc compiler'
arm-none-eabi-gcc -Wall -O0 -g3 -c -fmessage-length=0 -MT"src/main.o" -mcpu=cortex-a9 -mfpu=vfpv3 -mfloat-abi=hard -I../../finalP_bsp/ps7_cortexa9_0/include -MMD -MP -MF"src/main.d" -MT"src/main.o" -o "src/main.o" "../src/main.c"
In file included from ../src/main.c:5:0:
../../finalP_bsp/ps7_cortexa9_0/include/xtime_l.h:87:9: note: #pragma message: For the sleep routines, Global timer is being used
 #pragma message ("For the sleep routines, Global timer is being used")
         ^~~~~~~
../src/main.c: In function 'doHistStrechSW':
../src/main.c:97:9: warning: unused variable 'y_t_float' [-Wunused-variable]
   float y_t_float = ((imgIn[idxImg]-xMin)/(xMax_minus_xMin))*255;
         ^~~~~~~~~
../src/main.c: In function 'main':
../src/main.c:149:9: warning: implicit declaration of function 'Xil_DCacheInvaliddateRange'; did you mean 'Xil_DCacheInvalidateRange'? [-Wimplicit-function-declaration]
         Xil_DCacheInvaliddateRange((u32)m_dma_buffer_RX,SIZE_ARR*sizeof(unsigned char));
         ^~~~~~~~~~~~~~~~~~~~~~~~~~
         Xil_DCacheInvalidateRange
'Finished building: ../src/main.c'
' '
'Building target: finalP.elf'
'Invoking: ARM v7 gcc linker'
arm-none-eabi-gcc -mcpu=cortex-a9 -mfpu=vfpv3 -mfloat-abi=hard -Wl,-build-id=none -specs=Xilinx.spec -Wl,-T -Wl,../src/lscript.ld -L../../finalP_bsp/ps7_cortexa9_0/lib -o "finalP.elf"  ./src/main.o ./src/platform.o   -Wl,--start-group,-lxil,-lgcc,-lc,--end-group
./src/main.o: In function `main':
D:\HLS_PROJECT\CONTRAST_HISTOGRAM\CONTRAST_HISTOGRAM.sdk\finalP\Debug/../src/main.c:149: undefined reference to `Xil_DCacheInvaliddateRange'
collect2.exe: error: ld returned 1 exit status
make: *** [makefile:41: finalP.elf] Error 1
13:15:08 **** Auto Build of configuration Debug for project finalP ****
make pre-build main-build 
a9-linaro-pre-build-step
' '
'Building file: ../src/main.c'
'Invoking: ARM v7 gcc compiler'
arm-none-eabi-gcc -Wall -O0 -g3 -c -fmessage-length=0 -MT"src/main.o" -mcpu=cortex-a9 -mfpu=vfpv3 -mfloat-abi=hard -I../../finalP_bsp/ps7_cortexa9_0/include -MMD -MP -MF"src/main.d" -MT"src/main.o" -o "src/main.o" "../src/main.c"
In file included from ../src/main.c:5:0:
../../finalP_bsp/ps7_cortexa9_0/include/xtime_l.h:87:9: note: #pragma message: For the sleep routines, Global timer is being used
 #pragma message ("For the sleep routines, Global timer is being used")
         ^~~~~~~
../src/main.c: In function 'doHistStrechSW':
../src/main.c:97:9: warning: unused variable 'y_t_float' [-Wunused-variable]
   float y_t_float = ((imgIn[idxImg]-xMin)/(xMax_minus_xMin))*255;
         ^~~~~~~~~
'Finished building: ../src/main.c'
' '
'Building target: finalP.elf'
'Invoking: ARM v7 gcc linker'
arm-none-eabi-gcc -mcpu=cortex-a9 -mfpu=vfpv3 -mfloat-abi=hard -Wl,-build-id=none -specs=Xilinx.spec -Wl,-T -Wl,../src/lscript.ld -L../../finalP_bsp/ps7_cortexa9_0/lib -o "finalP.elf"  ./src/main.o ./src/platform.o   -Wl,--start-group,-lxil,-lgcc,-lc,--end-group
'Finished building target: finalP.elf'
' '
'Invoking: ARM v7 Print Size'
arm-none-eabi-size finalP.elf  |tee "finalP.elf.size"
   text	   data	    bss	    dec	    hex	filename
  41516	  79088	 179160	 299764	  492f4	finalP.elf
'Finished building: finalP.elf.size'
' '
13:15:52 **** Incremental Build of configuration Debug for project finalP ****
make pre-build main-build 
a9-linaro-pre-build-step
' '
make: Nothing to be done for 'main-build'.
14:01:22 **** Incremental Build of configuration Debug for project finalP ****
make pre-build main-build 
a9-linaro-pre-build-step
' '
make: Nothing to be done for 'main-build'.
14:03:13 **** Incremental Build of configuration Debug for project finalP ****
make pre-build main-build 
a9-linaro-pre-build-step
' '
make: Nothing to be done for 'main-build'.
14:11:31 **** Auto Build of configuration Debug for project finalP ****
make pre-build main-build 
a9-linaro-pre-build-step
' '
'Building file: ../src/main.c'
'Invoking: ARM v7 gcc compiler'
arm-none-eabi-gcc -Wall -O0 -g3 -c -fmessage-length=0 -MT"src/main.o" -mcpu=cortex-a9 -mfpu=vfpv3 -mfloat-abi=hard -I../../finalP_bsp/ps7_cortexa9_0/include -MMD -MP -MF"src/main.d" -MT"src/main.o" -o "src/main.o" "../src/main.c"
In file included from ../src/main.c:5:0:
../../finalP_bsp/ps7_cortexa9_0/include/xtime_l.h:87:9: note: #pragma message: For the sleep routines, Global timer is being used
 #pragma message ("For the sleep routines, Global timer is being used")
         ^~~~~~~
'Finished building: ../src/main.c'
' '
'Building target: finalP.elf'
'Invoking: ARM v7 gcc linker'
arm-none-eabi-gcc -mcpu=cortex-a9 -mfpu=vfpv3 -mfloat-abi=hard -Wl,-build-id=none -specs=Xilinx.spec -Wl,-T -Wl,../src/lscript.ld -L../../finalP_bsp/ps7_cortexa9_0/lib -o "finalP.elf"  ./src/main.o ./src/platform.o   -Wl,--start-group,-lxil,-lgcc,-lc,--end-group
'Finished building target: finalP.elf'
' '
'Invoking: ARM v7 Print Size'
arm-none-eabi-size finalP.elf  |tee "finalP.elf.size"
   text	   data	    bss	    dec	    hex	filename
  41516	  79088	 179160	 299764	  492f4	finalP.elf
'Finished building: finalP.elf.size'
' '
14:12:11 **** Incremental Build of configuration Debug for project finalP ****
make pre-build main-build 
a9-linaro-pre-build-step
' '
make: Nothing to be done for 'main-build'.
14:15:27 **** Auto Build of configuration Debug for project finalP ****
make pre-build main-build 
a9-linaro-pre-build-step
' '
'Building file: ../src/main.c'
'Invoking: ARM v7 gcc compiler'
arm-none-eabi-gcc -Wall -O0 -g3 -c -fmessage-length=0 -MT"src/main.o" -mcpu=cortex-a9 -mfpu=vfpv3 -mfloat-abi=hard -I../../finalP_bsp/ps7_cortexa9_0/include -MMD -MP -MF"src/main.d" -MT"src/main.o" -o "src/main.o" "../src/main.c"
In file included from ../src/main.c:5:0:
../../finalP_bsp/ps7_cortexa9_0/include/xtime_l.h:87:9: note: #pragma message: For the sleep routines, Global timer is being used
 #pragma message ("For the sleep routines, Global timer is being used")
         ^~~~~~~
../src/main.c: In function 'main':
../src/main.c:150:9: warning: implicit declaration of function 'Xil_DCacheInvaliddateRange'; did you mean 'Xil_DCacheInvalidateRange'? [-Wimplicit-function-declaration]
         Xil_DCacheInvaliddateRange((u32)m_dma_buffer_RX,SIZE_ARR*sizeof(unsigned char));
         ^~~~~~~~~~~~~~~~~~~~~~~~~~
         Xil_DCacheInvalidateRange
'Finished building: ../src/main.c'
' '
'Building target: finalP.elf'
'Invoking: ARM v7 gcc linker'
arm-none-eabi-gcc -mcpu=cortex-a9 -mfpu=vfpv3 -mfloat-abi=hard -Wl,-build-id=none -specs=Xilinx.spec -Wl,-T -Wl,../src/lscript.ld -L../../finalP_bsp/ps7_cortexa9_0/lib -o "finalP.elf"  ./src/main.o ./src/platform.o   -Wl,--start-group,-lxil,-lgcc,-lc,--end-group
./src/main.o: In function `main':
D:\HLS_PROJECT\CONTRAST_HISTOGRAM\CONTRAST_HISTOGRAM.sdk\finalP\Debug/../src/main.c:150: undefined reference to `Xil_DCacheInvaliddateRange'
collect2.exe: error: ld returned 1 exit status
make: *** [makefile:41: finalP.elf] Error 1
14:16:50 **** Auto Build of configuration Debug for project finalP ****
make pre-build main-build 
a9-linaro-pre-build-step
' '
'Building file: ../src/main.c'
'Invoking: ARM v7 gcc compiler'
arm-none-eabi-gcc -Wall -O0 -g3 -c -fmessage-length=0 -MT"src/main.o" -mcpu=cortex-a9 -mfpu=vfpv3 -mfloat-abi=hard -I../../finalP_bsp/ps7_cortexa9_0/include -MMD -MP -MF"src/main.d" -MT"src/main.o" -o "src/main.o" "../src/main.c"
In file included from ../src/main.c:5:0:
../../finalP_bsp/ps7_cortexa9_0/include/xtime_l.h:87:9: note: #pragma message: For the sleep routines, Global timer is being used
 #pragma message ("For the sleep routines, Global timer is being used")
         ^~~~~~~
'Finished building: ../src/main.c'
' '
'Building target: finalP.elf'
'Invoking: ARM v7 gcc linker'
arm-none-eabi-gcc -mcpu=cortex-a9 -mfpu=vfpv3 -mfloat-abi=hard -Wl,-build-id=none -specs=Xilinx.spec -Wl,-T -Wl,../src/lscript.ld -L../../finalP_bsp/ps7_cortexa9_0/lib -o "finalP.elf"  ./src/main.o ./src/platform.o   -Wl,--start-group,-lxil,-lgcc,-lc,--end-group
'Finished building target: finalP.elf'
' '
'Invoking: ARM v7 Print Size'
arm-none-eabi-size finalP.elf  |tee "finalP.elf.size"
   text	   data	    bss	    dec	    hex	filename
  41580	  79088	 179160	 299828	  49334	finalP.elf
'Finished building: finalP.elf.size'
' '
14:17:01 **** Auto Build of configuration Debug for project finalP ****
make pre-build main-build 
a9-linaro-pre-build-step
' '
'Building file: ../src/main.c'
'Invoking: ARM v7 gcc compiler'
arm-none-eabi-gcc -Wall -O0 -g3 -c -fmessage-length=0 -MT"src/main.o" -mcpu=cortex-a9 -mfpu=vfpv3 -mfloat-abi=hard -I../../finalP_bsp/ps7_cortexa9_0/include -MMD -MP -MF"src/main.d" -MT"src/main.o" -o "src/main.o" "../src/main.c"
In file included from ../src/main.c:5:0:
../../finalP_bsp/ps7_cortexa9_0/include/xtime_l.h:87:9: note: #pragma message: For the sleep routines, Global timer is being used
 #pragma message ("For the sleep routines, Global timer is being used")
         ^~~~~~~
'Finished building: ../src/main.c'
' '
'Building target: finalP.elf'
'Invoking: ARM v7 gcc linker'
arm-none-eabi-gcc -mcpu=cortex-a9 -mfpu=vfpv3 -mfloat-abi=hard -Wl,-build-id=none -specs=Xilinx.spec -Wl,-T -Wl,../src/lscript.ld -L../../finalP_bsp/ps7_cortexa9_0/lib -o "finalP.elf"  ./src/main.o ./src/platform.o   -Wl,--start-group,-lxil,-lgcc,-lc,--end-group
'Finished building target: finalP.elf'
' '
'Invoking: ARM v7 Print Size'
arm-none-eabi-size finalP.elf  |tee "finalP.elf.size"
   text	   data	    bss	    dec	    hex	filename
  41580	  79088	 179160	 299828	  49334	finalP.elf
'Finished building: finalP.elf.size'
' '
14:17:08 **** Incremental Build of configuration Debug for project finalP ****
make pre-build main-build 
a9-linaro-pre-build-step
' '
make: Nothing to be done for 'main-build'.
14:19:08 **** Auto Build of configuration Debug for project finalP ****
make pre-build main-build 
a9-linaro-pre-build-step
' '
'Building file: ../src/main.c'
'Invoking: ARM v7 gcc compiler'
arm-none-eabi-gcc -Wall -O0 -g3 -c -fmessage-length=0 -MT"src/main.o" -mcpu=cortex-a9 -mfpu=vfpv3 -mfloat-abi=hard -I../../finalP_bsp/ps7_cortexa9_0/include -MMD -MP -MF"src/main.d" -MT"src/main.o" -o "src/main.o" "../src/main.c"
In file included from ../src/main.c:5:0:
../../finalP_bsp/ps7_cortexa9_0/include/xtime_l.h:87:9: note: #pragma message: For the sleep routines, Global timer is being used
 #pragma message ("For the sleep routines, Global timer is being used")
         ^~~~~~~
'Finished building: ../src/main.c'
' '
'Building target: finalP.elf'
'Invoking: ARM v7 gcc linker'
arm-none-eabi-gcc -mcpu=cortex-a9 -mfpu=vfpv3 -mfloat-abi=hard -Wl,-build-id=none -specs=Xilinx.spec -Wl,-T -Wl,../src/lscript.ld -L../../finalP_bsp/ps7_cortexa9_0/lib -o "finalP.elf"  ./src/main.o ./src/platform.o   -Wl,--start-group,-lxil,-lgcc,-lc,--end-group
'Finished building target: finalP.elf'
' '
'Invoking: ARM v7 Print Size'
arm-none-eabi-size finalP.elf  |tee "finalP.elf.size"
   text	   data	    bss	    dec	    hex	filename
  41580	  79088	 179160	 299828	  49334	finalP.elf
'Finished building: finalP.elf.size'
' '
14:19:17 **** Incremental Build of configuration Debug for project finalP ****
make pre-build main-build 
a9-linaro-pre-build-step
' '
make: Nothing to be done for 'main-build'.
14:22:09 **** Auto Build of configuration Debug for project finalP ****
make pre-build main-build 
a9-linaro-pre-build-step
' '
'Building file: ../src/main.c'
'Invoking: ARM v7 gcc compiler'
arm-none-eabi-gcc -Wall -O0 -g3 -c -fmessage-length=0 -MT"src/main.o" -mcpu=cortex-a9 -mfpu=vfpv3 -mfloat-abi=hard -I../../finalP_bsp/ps7_cortexa9_0/include -MMD -MP -MF"src/main.d" -MT"src/main.o" -o "src/main.o" "../src/main.c"
In file included from ../src/main.c:5:0:
../../finalP_bsp/ps7_cortexa9_0/include/xtime_l.h:87:9: note: #pragma message: For the sleep routines, Global timer is being used
 #pragma message ("For the sleep routines, Global timer is being used")
         ^~~~~~~
'Finished building: ../src/main.c'
' '
'Building target: finalP.elf'
'Invoking: ARM v7 gcc linker'
arm-none-eabi-gcc -mcpu=cortex-a9 -mfpu=vfpv3 -mfloat-abi=hard -Wl,-build-id=none -specs=Xilinx.spec -Wl,-T -Wl,../src/lscript.ld -L../../finalP_bsp/ps7_cortexa9_0/lib -o "finalP.elf"  ./src/main.o ./src/platform.o   -Wl,--start-group,-lxil,-lgcc,-lc,--end-group
'Finished building target: finalP.elf'
' '
'Invoking: ARM v7 Print Size'
arm-none-eabi-size finalP.elf  |tee "finalP.elf.size"
   text	   data	    bss	    dec	    hex	filename
  41580	  79088	 179160	 299828	  49334	finalP.elf
'Finished building: finalP.elf.size'
' '
14:23:35 **** Auto Build of configuration Debug for project finalP ****
make pre-build main-build 
a9-linaro-pre-build-step
' '
'Building file: ../src/main.c'
'Invoking: ARM v7 gcc compiler'
arm-none-eabi-gcc -Wall -O0 -g3 -c -fmessage-length=0 -MT"src/main.o" -mcpu=cortex-a9 -mfpu=vfpv3 -mfloat-abi=hard -I../../finalP_bsp/ps7_cortexa9_0/include -MMD -MP -MF"src/main.d" -MT"src/main.o" -o "src/main.o" "../src/main.c"
In file included from ../src/main.c:5:0:
../../finalP_bsp/ps7_cortexa9_0/include/xtime_l.h:87:9: note: #pragma message: For the sleep routines, Global timer is being used
 #pragma message ("For the sleep routines, Global timer is being used")
         ^~~~~~~
'Finished building: ../src/main.c'
' '
'Building target: finalP.elf'
'Invoking: ARM v7 gcc linker'
arm-none-eabi-gcc -mcpu=cortex-a9 -mfpu=vfpv3 -mfloat-abi=hard -Wl,-build-id=none -specs=Xilinx.spec -Wl,-T -Wl,../src/lscript.ld -L../../finalP_bsp/ps7_cortexa9_0/lib -o "finalP.elf"  ./src/main.o ./src/platform.o   -Wl,--start-group,-lxil,-lgcc,-lc,--end-group
'Finished building target: finalP.elf'
' '
'Invoking: ARM v7 Print Size'
arm-none-eabi-size finalP.elf  |tee "finalP.elf.size"
   text	   data	    bss	    dec	    hex	filename
  41580	  79088	 179160	 299828	  49334	finalP.elf
'Finished building: finalP.elf.size'
' '
14:24:58 **** Auto Build of configuration Debug for project finalP ****
make pre-build main-build 
a9-linaro-pre-build-step
' '
'Building file: ../src/main.c'
'Invoking: ARM v7 gcc compiler'
arm-none-eabi-gcc -Wall -O0 -g3 -c -fmessage-length=0 -MT"src/main.o" -mcpu=cortex-a9 -mfpu=vfpv3 -mfloat-abi=hard -I../../finalP_bsp/ps7_cortexa9_0/include -MMD -MP -MF"src/main.d" -MT"src/main.o" -o "src/main.o" "../src/main.c"
In file included from ../src/main.c:5:0:
../../finalP_bsp/ps7_cortexa9_0/include/xtime_l.h:87:9: note: #pragma message: For the sleep routines, Global timer is being used
 #pragma message ("For the sleep routines, Global timer is being used")
         ^~~~~~~
'Finished building: ../src/main.c'
' '
'Building target: finalP.elf'
'Invoking: ARM v7 gcc linker'
arm-none-eabi-gcc -mcpu=cortex-a9 -mfpu=vfpv3 -mfloat-abi=hard -Wl,-build-id=none -specs=Xilinx.spec -Wl,-T -Wl,../src/lscript.ld -L../../finalP_bsp/ps7_cortexa9_0/lib -o "finalP.elf"  ./src/main.o ./src/platform.o   -Wl,--start-group,-lxil,-lgcc,-lc,--end-group
'Finished building target: finalP.elf'
' '
'Invoking: ARM v7 Print Size'
arm-none-eabi-size finalP.elf  |tee "finalP.elf.size"
   text	   data	    bss	    dec	    hex	filename
  41580	  79088	 179160	 299828	  49334	finalP.elf
'Finished building: finalP.elf.size'
' '
14:27:58 **** Incremental Build of configuration Debug for project finalP ****
make pre-build main-build 
a9-linaro-pre-build-step
' '
make: Nothing to be done for 'main-build'.
14:31:39 **** Auto Build of configuration Debug for project finalP ****
make pre-build main-build 
a9-linaro-pre-build-step
' '
'Building file: ../src/main.c'
'Invoking: ARM v7 gcc compiler'
arm-none-eabi-gcc -Wall -O0 -g3 -c -fmessage-length=0 -MT"src/main.o" -mcpu=cortex-a9 -mfpu=vfpv3 -mfloat-abi=hard -I../../finalP_bsp/ps7_cortexa9_0/include -MMD -MP -MF"src/main.d" -MT"src/main.o" -o "src/main.o" "../src/main.c"
In file included from ../src/main.c:5:0:
../../finalP_bsp/ps7_cortexa9_0/include/xtime_l.h:87:9: note: #pragma message: For the sleep routines, Global timer is being used
 #pragma message ("For the sleep routines, Global timer is being used")
         ^~~~~~~
'Finished building: ../src/main.c'
' '
'Building target: finalP.elf'
'Invoking: ARM v7 gcc linker'
arm-none-eabi-gcc -mcpu=cortex-a9 -mfpu=vfpv3 -mfloat-abi=hard -Wl,-build-id=none -specs=Xilinx.spec -Wl,-T -Wl,../src/lscript.ld -L../../finalP_bsp/ps7_cortexa9_0/lib -o "finalP.elf"  ./src/main.o ./src/platform.o   -Wl,--start-group,-lxil,-lgcc,-lc,--end-group
'Finished building target: finalP.elf'
' '
'Invoking: ARM v7 Print Size'
arm-none-eabi-size finalP.elf  |tee "finalP.elf.size"
   text	   data	    bss	    dec	    hex	filename
  41516	  79088	 179160	 299764	  492f4	finalP.elf
'Finished building: finalP.elf.size'
' '
14:32:00 **** Incremental Build of configuration Debug for project finalP ****
make pre-build main-build 
a9-linaro-pre-build-step
' '
make: Nothing to be done for 'main-build'.
14:34:47 **** Incremental Build of configuration Debug for project finalP ****
make pre-build main-build 
a9-linaro-pre-build-step
' '
make: Nothing to be done for 'main-build'.
14:38:16 **** Auto Build of configuration Debug for project finalP ****
make pre-build main-build 
a9-linaro-pre-build-step
' '
'Building file: ../src/main.c'
'Invoking: ARM v7 gcc compiler'
arm-none-eabi-gcc -Wall -O0 -g3 -c -fmessage-length=0 -MT"src/main.o" -mcpu=cortex-a9 -mfpu=vfpv3 -mfloat-abi=hard -I../../finalP_bsp/ps7_cortexa9_0/include -MMD -MP -MF"src/main.d" -MT"src/main.o" -o "src/main.o" "../src/main.c"
In file included from ../src/main.c:5:0:
../../finalP_bsp/ps7_cortexa9_0/include/xtime_l.h:87:9: note: #pragma message: For the sleep routines, Global timer is being used
 #pragma message ("For the sleep routines, Global timer is being used")
         ^~~~~~~
'Finished building: ../src/main.c'
' '
'Building target: finalP.elf'
'Invoking: ARM v7 gcc linker'
arm-none-eabi-gcc -mcpu=cortex-a9 -mfpu=vfpv3 -mfloat-abi=hard -Wl,-build-id=none -specs=Xilinx.spec -Wl,-T -Wl,../src/lscript.ld -L../../finalP_bsp/ps7_cortexa9_0/lib -o "finalP.elf"  ./src/main.o ./src/platform.o   -Wl,--start-group,-lxil,-lgcc,-lc,--end-group
'Finished building target: finalP.elf'
' '
'Invoking: ARM v7 Print Size'
arm-none-eabi-size finalP.elf  |tee "finalP.elf.size"
   text	   data	    bss	    dec	    hex	filename
  41516	  79088	 179160	 299764	  492f4	finalP.elf
'Finished building: finalP.elf.size'
' '
15:09:42 **** Incremental Build of configuration Debug for project finalP ****
make pre-build main-build 
a9-linaro-pre-build-step
' '
make: Nothing to be done for 'main-build'.
15:37:51 **** Incremental Build of configuration Debug for project finalP ****
make pre-build main-build 
a9-linaro-pre-build-step
' '
make: Nothing to be done for 'main-build'.
15:47:00 **** Auto Build of configuration Debug for project finalP ****
make pre-build main-build 
a9-linaro-pre-build-step
' '
'Building file: ../src/main.c'
'Invoking: ARM v7 gcc compiler'
arm-none-eabi-gcc -Wall -O0 -g3 -c -fmessage-length=0 -MT"src/main.o" -mcpu=cortex-a9 -mfpu=vfpv3 -mfloat-abi=hard -I../../finalP_bsp/ps7_cortexa9_0/include -MMD -MP -MF"src/main.d" -MT"src/main.o" -o "src/main.o" "../src/main.c"
In file included from ../src/main.c:5:0:
../../finalP_bsp/ps7_cortexa9_0/include/xtime_l.h:87:9: note: #pragma message: For the sleep routines, Global timer is being used
 #pragma message ("For the sleep routines, Global timer is being used")
         ^~~~~~~
'Finished building: ../src/main.c'
' '
'Building target: finalP.elf'
'Invoking: ARM v7 gcc linker'
arm-none-eabi-gcc -mcpu=cortex-a9 -mfpu=vfpv3 -mfloat-abi=hard -Wl,-build-id=none -specs=Xilinx.spec -Wl,-T -Wl,../src/lscript.ld -L../../finalP_bsp/ps7_cortexa9_0/lib -o "finalP.elf"  ./src/main.o ./src/platform.o   -Wl,--start-group,-lxil,-lgcc,-lc,--end-group
'Finished building target: finalP.elf'
' '
'Invoking: ARM v7 Print Size'
arm-none-eabi-size finalP.elf  |tee "finalP.elf.size"
   text	   data	    bss	    dec	    hex	filename
  41516	  79088	 179160	 299764	  492f4	finalP.elf
'Finished building: finalP.elf.size'
' '
21:05:41 **** Auto Build of configuration Debug for project finalP ****
make pre-build main-build 
a9-linaro-pre-build-step
' '
'Building file: ../src/main.c'
'Invoking: ARM v7 gcc compiler'
arm-none-eabi-gcc -Wall -O0 -g3 -c -fmessage-length=0 -MT"src/main.o" -mcpu=cortex-a9 -mfpu=vfpv3 -mfloat-abi=hard -I../../finalP_bsp/ps7_cortexa9_0/include -MMD -MP -MF"src/main.d" -MT"src/main.o" -o "src/main.o" "../src/main.c"
In file included from ../src/main.c:5:0:
../../finalP_bsp/ps7_cortexa9_0/include/xtime_l.h:87:9: note: #pragma message: For the sleep routines, Global timer is being used
 #pragma message ("For the sleep routines, Global timer is being used")
         ^~~~~~~
'Finished building: ../src/main.c'
' '
'Building target: finalP.elf'
'Invoking: ARM v7 gcc linker'
arm-none-eabi-gcc -mcpu=cortex-a9 -mfpu=vfpv3 -mfloat-abi=hard -Wl,-build-id=none -specs=Xilinx.spec -Wl,-T -Wl,../src/lscript.ld -L../../finalP_bsp/ps7_cortexa9_0/lib -o "finalP.elf"  ./src/main.o ./src/platform.o   -Wl,--start-group,-lxil,-lgcc,-lc,--end-group
'Finished building target: finalP.elf'
' '
'Invoking: ARM v7 Print Size'
arm-none-eabi-size finalP.elf  |tee "finalP.elf.size"
   text	   data	    bss	    dec	    hex	filename
  41516	  79088	 179160	 299764	  492f4	finalP.elf
'Finished building: finalP.elf.size'
' '
21:14:57 **** Build of project final1_bsp ****
make -k all 
"Running Make include in ps7_cortexa9_0/libsrc/axidma_v9_8/src"
make -C ps7_cortexa9_0/libsrc/axidma_v9_8/src -s include  "SHELL=CMD" "COMPILER=arm-none-eabi-gcc" "ARCHIVER=arm-none-eabi-ar" "COMPILER_FLAGS=  -O2 -c" "EXTRA_COMPILER_FLAGS=-mcpu=cortex-a9 -mfpu=vfpv3 -mfloat-abi=hard -nostartfiles -g -Wall -Wextra"
"Running Make include in ps7_cortexa9_0/libsrc/bram_v4_2/src"
make -C ps7_cortexa9_0/libsrc/bram_v4_2/src -s include  "SHELL=CMD" "COMPILER=arm-none-eabi-gcc" "ARCHIVER=arm-none-eabi-ar" "COMPILER_FLAGS=  -O2 -c" "EXTRA_COMPILER_FLAGS=-mcpu=cortex-a9 -mfpu=vfpv3 -mfloat-abi=hard -nostartfiles -g -Wall -Wextra"
"Running Make include in ps7_cortexa9_0/libsrc/coresightps_dcc_v1_4/src"
make -C ps7_cortexa9_0/libsrc/coresightps_dcc_v1_4/src -s include  "SHELL=CMD" "COMPILER=arm-none-eabi-gcc" "ARCHIVER=arm-none-eabi-ar" "COMPILER_FLAGS=  -O2 -c" "EXTRA_COMPILER_FLAGS=-mcpu=cortex-a9 -mfpu=vfpv3 -mfloat-abi=hard -nostartfiles -g -Wall -Wextra"
"Running Make include in ps7_cortexa9_0/libsrc/cpu_cortexa9_v2_7/src"
make -C ps7_cortexa9_0/libsrc/cpu_cortexa9_v2_7/src -s include  "SHELL=CMD" "COMPILER=arm-none-eabi-gcc" "ARCHIVER=arm-none-eabi-ar" "COMPILER_FLAGS=  -O2 -c" "EXTRA_COMPILER_FLAGS=-mcpu=cortex-a9 -mfpu=vfpv3 -mfloat-abi=hard -nostartfiles -g -Wall -Wextra"
"Running Make include in ps7_cortexa9_0/libsrc/ddrps_v1_0/src"
make -C ps7_cortexa9_0/libsrc/ddrps_v1_0/src -s include  "SHELL=CMD" "COMPILER=arm-none-eabi-gcc" "ARCHIVER=arm-none-eabi-ar" "COMPILER_FLAGS=  -O2 -c" "EXTRA_COMPILER_FLAGS=-mcpu=cortex-a9 -mfpu=vfpv3 -mfloat-abi=hard -nostartfiles -g -Wall -Wextra"
"Running Make include in ps7_cortexa9_0/libsrc/devcfg_v3_5/src"
make -C ps7_cortexa9_0/libsrc/devcfg_v3_5/src -s include  "SHELL=CMD" "COMPILER=arm-none-eabi-gcc" "ARCHIVER=arm-none-eabi-ar" "COMPILER_FLAGS=  -O2 -c" "EXTRA_COMPILER_FLAGS=-mcpu=cortex-a9 -mfpu=vfpv3 -mfloat-abi=hard -nostartfiles -g -Wall -Wextra"
"Running Make include in ps7_cortexa9_0/libsrc/dmaps_v2_4/src"
make -C ps7_cortexa9_0/libsrc/dmaps_v2_4/src -s include  "SHELL=CMD" "COMPILER=arm-none-eabi-gcc" "ARCHIVER=arm-none-eabi-ar" "COMPILER_FLAGS=  -O2 -c" "EXTRA_COMPILER_FLAGS=-mcpu=cortex-a9 -mfpu=vfpv3 -mfloat-abi=hard -nostartfiles -g -Wall -Wextra"
"Running Make include in ps7_cortexa9_0/libsrc/doHistStrech_v1_0/src"
make -C ps7_cortexa9_0/libsrc/doHistStrech_v1_0/src -s include  "SHELL=CMD" "COMPILER=arm-none-eabi-gcc" "ARCHIVER=arm-none-eabi-ar" "COMPILER_FLAGS=  -O2 -c" "EXTRA_COMPILER_FLAGS=-mcpu=cortex-a9 -mfpu=vfpv3 -mfloat-abi=hard -nostartfiles -g -Wall -Wextra"
"Running Make include in ps7_cortexa9_0/libsrc/doHist_v1_0/src"
make -C ps7_cortexa9_0/libsrc/doHist_v1_0/src -s include  "SHELL=CMD" "COMPILER=arm-none-eabi-gcc" "ARCHIVER=arm-none-eabi-ar" "COMPILER_FLAGS=  -O2 -c" "EXTRA_COMPILER_FLAGS=-mcpu=cortex-a9 -mfpu=vfpv3 -mfloat-abi=hard -nostartfiles -g -Wall -Wextra"
"Running Make include in ps7_cortexa9_0/libsrc/emacps_v3_8/src"
make -C ps7_cortexa9_0/libsrc/emacps_v3_8/src -s include  "SHELL=CMD" "COMPILER=arm-none-eabi-gcc" "ARCHIVER=arm-none-eabi-ar" "COMPILER_FLAGS=  -O2 -c" "EXTRA_COMPILER_FLAGS=-mcpu=cortex-a9 -mfpu=vfpv3 -mfloat-abi=hard -nostartfiles -g -Wall -Wextra"
"Running Make include in ps7_cortexa9_0/libsrc/gpiops_v3_4/src"
make -C ps7_cortexa9_0/libsrc/gpiops_v3_4/src -s include  "SHELL=CMD" "COMPILER=arm-none-eabi-gcc" "ARCHIVER=arm-none-eabi-ar" "COMPILER_FLAGS=  -O2 -c" "EXTRA_COMPILER_FLAGS=-mcpu=cortex-a9 -mfpu=vfpv3 -mfloat-abi=hard -nostartfiles -g -Wall -Wextra"
"Running Make include in ps7_cortexa9_0/libsrc/qspips_v3_5/src"
make -C ps7_cortexa9_0/libsrc/qspips_v3_5/src -s include  "SHELL=CMD" "COMPILER=arm-none-eabi-gcc" "ARCHIVER=arm-none-eabi-ar" "COMPILER_FLAGS=  -O2 -c" "EXTRA_COMPILER_FLAGS=-mcpu=cortex-a9 -mfpu=vfpv3 -mfloat-abi=hard -nostartfiles -g -Wall -Wextra"
"Running Make include in ps7_cortexa9_0/libsrc/scugic_v3_10/src"
make -C ps7_cortexa9_0/libsrc/scugic_v3_10/src -s include  "SHELL=CMD" "COMPILER=arm-none-eabi-gcc" "ARCHIVER=arm-none-eabi-ar" "COMPILER_FLAGS=  -O2 -c" "EXTRA_COMPILER_FLAGS=-mcpu=cortex-a9 -mfpu=vfpv3 -mfloat-abi=hard -nostartfiles -g -Wall -Wextra"
"Running Make include in ps7_cortexa9_0/libsrc/scutimer_v2_1/src"
make -C ps7_cortexa9_0/libsrc/scutimer_v2_1/src -s include  "SHELL=CMD" "COMPILER=arm-none-eabi-gcc" "ARCHIVER=arm-none-eabi-ar" "COMPILER_FLAGS=  -O2 -c" "EXTRA_COMPILER_FLAGS=-mcpu=cortex-a9 -mfpu=vfpv3 -mfloat-abi=hard -nostartfiles -g -Wall -Wextra"
"Running Make include in ps7_cortexa9_0/libsrc/scuwdt_v2_1/src"
make -C ps7_cortexa9_0/libsrc/scuwdt_v2_1/src -s include  "SHELL=CMD" "COMPILER=arm-none-eabi-gcc" "ARCHIVER=arm-none-eabi-ar" "COMPILER_FLAGS=  -O2 -c" "EXTRA_COMPILER_FLAGS=-mcpu=cortex-a9 -mfpu=vfpv3 -mfloat-abi=hard -nostartfiles -g -Wall -Wextra"
"Running Make include in ps7_cortexa9_0/libsrc/sdps_v3_6/src"
make -C ps7_cortexa9_0/libsrc/sdps_v3_6/src -s include  "SHELL=CMD" "COMPILER=arm-none-eabi-gcc" "ARCHIVER=arm-none-eabi-ar" "COMPILER_FLAGS=  -O2 -c" "EXTRA_COMPILER_FLAGS=-mcpu=cortex-a9 -mfpu=vfpv3 -mfloat-abi=hard -nostartfiles -g -Wall -Wextra"
"Running Make include in ps7_cortexa9_0/libsrc/standalone_v6_8/src"
make -C ps7_cortexa9_0/libsrc/standalone_v6_8/src -s include  "SHELL=CMD" "COMPILER=arm-none-eabi-gcc" "ARCHIVER=arm-none-eabi-ar" "COMPILER_FLAGS=  -O2 -c" "EXTRA_COMPILER_FLAGS=-mcpu=cortex-a9 -mfpu=vfpv3 -mfloat-abi=hard -nostartfiles -g -Wall -Wextra"
"Running Make include in ps7_cortexa9_0/libsrc/ttcps_v3_7/src"
make -C ps7_cortexa9_0/libsrc/ttcps_v3_7/src -s include  "SHELL=CMD" "COMPILER=arm-none-eabi-gcc" "ARCHIVER=arm-none-eabi-ar" "COMPILER_FLAGS=  -O2 -c" "EXTRA_COMPILER_FLAGS=-mcpu=cortex-a9 -mfpu=vfpv3 -mfloat-abi=hard -nostartfiles -g -Wall -Wextra"
"Running Make include in ps7_cortexa9_0/libsrc/uartps_v3_7/src"
make -C ps7_cortexa9_0/libsrc/uartps_v3_7/src -s include  "SHELL=CMD" "COMPILER=arm-none-eabi-gcc" "ARCHIVER=arm-none-eabi-ar" "COMPILER_FLAGS=  -O2 -c" "EXTRA_COMPILER_FLAGS=-mcpu=cortex-a9 -mfpu=vfpv3 -mfloat-abi=hard -nostartfiles -g -Wall -Wextra"
"Running Make include in ps7_cortexa9_0/libsrc/usbps_v2_4/src"
make -C ps7_cortexa9_0/libsrc/usbps_v2_4/src -s include  "SHELL=CMD" "COMPILER=arm-none-eabi-gcc" "ARCHIVER=arm-none-eabi-ar" "COMPILER_FLAGS=  -O2 -c" "EXTRA_COMPILER_FLAGS=-mcpu=cortex-a9 -mfpu=vfpv3 -mfloat-abi=hard -nostartfiles -g -Wall -Wextra"
"Running Make include in ps7_cortexa9_0/libsrc/xadcps_v2_3/src"
make -C ps7_cortexa9_0/libsrc/xadcps_v2_3/src -s include  "SHELL=CMD" "COMPILER=arm-none-eabi-gcc" "ARCHIVER=arm-none-eabi-ar" "COMPILER_FLAGS=  -O2 -c" "EXTRA_COMPILER_FLAGS=-mcpu=cortex-a9 -mfpu=vfpv3 -mfloat-abi=hard -nostartfiles -g -Wall -Wextra"
"Running Make libs in ps7_cortexa9_0/libsrc/axidma_v9_8/src"
make -C ps7_cortexa9_0/libsrc/axidma_v9_8/src -s libs  "SHELL=CMD" "COMPILER=arm-none-eabi-gcc" "ARCHIVER=arm-none-eabi-ar" "COMPILER_FLAGS=  -O2 -c" "EXTRA_COMPILER_FLAGS=-mcpu=cortex-a9 -mfpu=vfpv3 -mfloat-abi=hard -nostartfiles -g -Wall -Wextra"
"Compiling axidma"
arm-none-eabi-ar: creating ../../../lib/libxil.a
"Running Make libs in ps7_cortexa9_0/libsrc/bram_v4_2/src"
make -C ps7_cortexa9_0/libsrc/bram_v4_2/src -s libs  "SHELL=CMD" "COMPILER=arm-none-eabi-gcc" "ARCHIVER=arm-none-eabi-ar" "COMPILER_FLAGS=  -O2 -c" "EXTRA_COMPILER_FLAGS=-mcpu=cortex-a9 -mfpu=vfpv3 -mfloat-abi=hard -nostartfiles -g -Wall -Wextra"
"Compiling bram"
"Running Make libs in ps7_cortexa9_0/libsrc/coresightps_dcc_v1_4/src"
make -C ps7_cortexa9_0/libsrc/coresightps_dcc_v1_4/src -s libs  "SHELL=CMD" "COMPILER=arm-none-eabi-gcc" "ARCHIVER=arm-none-eabi-ar" "COMPILER_FLAGS=  -O2 -c" "EXTRA_COMPILER_FLAGS=-mcpu=cortex-a9 -mfpu=vfpv3 -mfloat-abi=hard -nostartfiles -g -Wall -Wextra"
"Compiling coresightps_dcc"
"Running Make libs in ps7_cortexa9_0/libsrc/cpu_cortexa9_v2_7/src"
make -C ps7_cortexa9_0/libsrc/cpu_cortexa9_v2_7/src -s libs  "SHELL=CMD" "COMPILER=arm-none-eabi-gcc" "ARCHIVER=arm-none-eabi-ar" "COMPILER_FLAGS=  -O2 -c" "EXTRA_COMPILER_FLAGS=-mcpu=cortex-a9 -mfpu=vfpv3 -mfloat-abi=hard -nostartfiles -g -Wall -Wextra"
"Compiling cpu_cortexa9"
"Running Make libs in ps7_cortexa9_0/libsrc/ddrps_v1_0/src"
make -C ps7_cortexa9_0/libsrc/ddrps_v1_0/src -s libs  "SHELL=CMD" "COMPILER=arm-none-eabi-gcc" "ARCHIVER=arm-none-eabi-ar" "COMPILER_FLAGS=  -O2 -c" "EXTRA_COMPILER_FLAGS=-mcpu=cortex-a9 -mfpu=vfpv3 -mfloat-abi=hard -nostartfiles -g -Wall -Wextra"
"Compiling ddrps"
"Running Make libs in ps7_cortexa9_0/libsrc/devcfg_v3_5/src"
make -C ps7_cortexa9_0/libsrc/devcfg_v3_5/src -s libs  "SHELL=CMD" "COMPILER=arm-none-eabi-gcc" "ARCHIVER=arm-none-eabi-ar" "COMPILER_FLAGS=  -O2 -c" "EXTRA_COMPILER_FLAGS=-mcpu=cortex-a9 -mfpu=vfpv3 -mfloat-abi=hard -nostartfiles -g -Wall -Wextra"
"Compiling devcfg"
"Running Make libs in ps7_cortexa9_0/libsrc/dmaps_v2_4/src"
make -C ps7_cortexa9_0/libsrc/dmaps_v2_4/src -s libs  "SHELL=CMD" "COMPILER=arm-none-eabi-gcc" "ARCHIVER=arm-none-eabi-ar" "COMPILER_FLAGS=  -O2 -c" "EXTRA_COMPILER_FLAGS=-mcpu=cortex-a9 -mfpu=vfpv3 -mfloat-abi=hard -nostartfiles -g -Wall -Wextra"
"Compiling dmaps"
"Running Make libs in ps7_cortexa9_0/libsrc/doHistStrech_v1_0/src"
make -C ps7_cortexa9_0/libsrc/doHistStrech_v1_0/src -s libs  "SHELL=CMD" "COMPILER=arm-none-eabi-gcc" "ARCHIVER=arm-none-eabi-ar" "COMPILER_FLAGS=  -O2 -c" "EXTRA_COMPILER_FLAGS=-mcpu=cortex-a9 -mfpu=vfpv3 -mfloat-abi=hard -nostartfiles -g -Wall -Wextra"
"Compiling doHistStrech"
"Running Make libs in ps7_cortexa9_0/libsrc/doHist_v1_0/src"
make -C ps7_cortexa9_0/libsrc/doHist_v1_0/src -s libs  "SHELL=CMD" "COMPILER=arm-none-eabi-gcc" "ARCHIVER=arm-none-eabi-ar" "COMPILER_FLAGS=  -O2 -c" "EXTRA_COMPILER_FLAGS=-mcpu=cortex-a9 -mfpu=vfpv3 -mfloat-abi=hard -nostartfiles -g -Wall -Wextra"
"Compiling doHist"
"Running Make libs in ps7_cortexa9_0/libsrc/emacps_v3_8/src"
make -C ps7_cortexa9_0/libsrc/emacps_v3_8/src -s libs  "SHELL=CMD" "COMPILER=arm-none-eabi-gcc" "ARCHIVER=arm-none-eabi-ar" "COMPILER_FLAGS=  -O2 -c" "EXTRA_COMPILER_FLAGS=-mcpu=cortex-a9 -mfpu=vfpv3 -mfloat-abi=hard -nostartfiles -g -Wall -Wextra"
"Compiling emacps"
"Running Make libs in ps7_cortexa9_0/libsrc/gpiops_v3_4/src"
make -C ps7_cortexa9_0/libsrc/gpiops_v3_4/src -s libs  "SHELL=CMD" "COMPILER=arm-none-eabi-gcc" "ARCHIVER=arm-none-eabi-ar" "COMPILER_FLAGS=  -O2 -c" "EXTRA_COMPILER_FLAGS=-mcpu=cortex-a9 -mfpu=vfpv3 -mfloat-abi=hard -nostartfiles -g -Wall -Wextra"
"Compiling gpiops"
"Running Make libs in ps7_cortexa9_0/libsrc/qspips_v3_5/src"
make -C ps7_cortexa9_0/libsrc/qspips_v3_5/src -s libs  "SHELL=CMD" "COMPILER=arm-none-eabi-gcc" "ARCHIVER=arm-none-eabi-ar" "COMPILER_FLAGS=  -O2 -c" "EXTRA_COMPILER_FLAGS=-mcpu=cortex-a9 -mfpu=vfpv3 -mfloat-abi=hard -nostartfiles -g -Wall -Wextra"
"Compiling qspips"
"Running Make libs in ps7_cortexa9_0/libsrc/scugic_v3_10/src"
make -C ps7_cortexa9_0/libsrc/scugic_v3_10/src -s libs  "SHELL=CMD" "COMPILER=arm-none-eabi-gcc" "ARCHIVER=arm-none-eabi-ar" "COMPILER_FLAGS=  -O2 -c" "EXTRA_COMPILER_FLAGS=-mcpu=cortex-a9 -mfpu=vfpv3 -mfloat-abi=hard -nostartfiles -g -Wall -Wextra"
"Compiling scugic"
"Running Make libs in ps7_cortexa9_0/libsrc/scutimer_v2_1/src"
make -C ps7_cortexa9_0/libsrc/scutimer_v2_1/src -s libs  "SHELL=CMD" "COMPILER=arm-none-eabi-gcc" "ARCHIVER=arm-none-eabi-ar" "COMPILER_FLAGS=  -O2 -c" "EXTRA_COMPILER_FLAGS=-mcpu=cortex-a9 -mfpu=vfpv3 -mfloat-abi=hard -nostartfiles -g -Wall -Wextra"
"Compiling scutimer"
"Running Make libs in ps7_cortexa9_0/libsrc/scuwdt_v2_1/src"
make -C ps7_cortexa9_0/libsrc/scuwdt_v2_1/src -s libs  "SHELL=CMD" "COMPILER=arm-none-eabi-gcc" "ARCHIVER=arm-none-eabi-ar" "COMPILER_FLAGS=  -O2 -c" "EXTRA_COMPILER_FLAGS=-mcpu=cortex-a9 -mfpu=vfpv3 -mfloat-abi=hard -nostartfiles -g -Wall -Wextra"
"Compiling scuwdt"
"Running Make libs in ps7_cortexa9_0/libsrc/sdps_v3_6/src"
make -C ps7_cortexa9_0/libsrc/sdps_v3_6/src -s libs  "SHELL=CMD" "COMPILER=arm-none-eabi-gcc" "ARCHIVER=arm-none-eabi-ar" "COMPILER_FLAGS=  -O2 -c" "EXTRA_COMPILER_FLAGS=-mcpu=cortex-a9 -mfpu=vfpv3 -mfloat-abi=hard -nostartfiles -g -Wall -Wextra"
"Compiling sdps"
"Running Make libs in ps7_cortexa9_0/libsrc/standalone_v6_8/src"
make -C ps7_cortexa9_0/libsrc/standalone_v6_8/src -s libs  "SHELL=CMD" "COMPILER=arm-none-eabi-gcc" "ARCHIVER=arm-none-eabi-ar" "COMPILER_FLAGS=  -O2 -c" "EXTRA_COMPILER_FLAGS=-mcpu=cortex-a9 -mfpu=vfpv3 -mfloat-abi=hard -nostartfiles -g -Wall -Wextra"
"Compiling standalone"
In file included from usleep.c:56:0:
xtime_l.h:87:9: note: #pragma message: For the sleep routines, Global timer is being used
 #pragma message ("For the sleep routines, Global timer is being used")
         ^~~~~~~
In file included from xil_sleeptimer.c:51:0:
xtime_l.h:87:9: note: #pragma message: For the sleep routines, Global timer is being used
 #pragma message ("For the sleep routines, Global timer is being used")
         ^~~~~~~
In file included from xtime_l.c:49:0:
xtime_l.h:87:9: note: #pragma message: For the sleep routines, Global timer is being used
 #pragma message ("For the sleep routines, Global timer is being used")
         ^~~~~~~
In file included from sleep.c:53:0:
xtime_l.h:87:9: note: #pragma message: For the sleep routines, Global timer is being used
 #pragma message ("For the sleep routines, Global timer is being used")
         ^~~~~~~
"Running Make libs in ps7_cortexa9_0/libsrc/ttcps_v3_7/src"
make -C ps7_cortexa9_0/libsrc/ttcps_v3_7/src -s libs  "SHELL=CMD" "COMPILER=arm-none-eabi-gcc" "ARCHIVER=arm-none-eabi-ar" "COMPILER_FLAGS=  -O2 -c" "EXTRA_COMPILER_FLAGS=-mcpu=cortex-a9 -mfpu=vfpv3 -mfloat-abi=hard -nostartfiles -g -Wall -Wextra"
"Compiling ttcps"
"Running Make libs in ps7_cortexa9_0/libsrc/uartps_v3_7/src"
make -C ps7_cortexa9_0/libsrc/uartps_v3_7/src -s libs  "SHELL=CMD" "COMPILER=arm-none-eabi-gcc" "ARCHIVER=arm-none-eabi-ar" "COMPILER_FLAGS=  -O2 -c" "EXTRA_COMPILER_FLAGS=-mcpu=cortex-a9 -mfpu=vfpv3 -mfloat-abi=hard -nostartfiles -g -Wall -Wextra"
"Compiling uartps"
"Running Make libs in ps7_cortexa9_0/libsrc/usbps_v2_4/src"
make -C ps7_cortexa9_0/libsrc/usbps_v2_4/src -s libs  "SHELL=CMD" "COMPILER=arm-none-eabi-gcc" "ARCHIVER=arm-none-eabi-ar" "COMPILER_FLAGS=  -O2 -c" "EXTRA_COMPILER_FLAGS=-mcpu=cortex-a9 -mfpu=vfpv3 -mfloat-abi=hard -nostartfiles -g -Wall -Wextra"
"Compiling usbps"
"Running Make libs in ps7_cortexa9_0/libsrc/xadcps_v2_3/src"
make -C ps7_cortexa9_0/libsrc/xadcps_v2_3/src -s libs  "SHELL=CMD" "COMPILER=arm-none-eabi-gcc" "ARCHIVER=arm-none-eabi-ar" "COMPILER_FLAGS=  -O2 -c" "EXTRA_COMPILER_FLAGS=-mcpu=cortex-a9 -mfpu=vfpv3 -mfloat-abi=hard -nostartfiles -g -Wall -Wextra"
"Compiling xadcps"
'Finished building libraries'
21:15:57 **** Build of configuration Debug for project final1 ****
make pre-build main-build 
a9-linaro-pre-build-step
' '
'Building file: ../src/helloworld.c'
'Invoking: ARM v7 gcc compiler'
arm-none-eabi-gcc -Wall -O0 -g3 -c -fmessage-length=0 -MT"src/helloworld.o" -mcpu=cortex-a9 -mfpu=vfpv3 -mfloat-abi=hard -I../../final1_bsp/ps7_cortexa9_0/include -MMD -MP -MF"src/helloworld.d" -MT"src/helloworld.o" -o "src/helloworld.o" "../src/helloworld.c"
'Finished building: ../src/helloworld.c'
' '
'Building file: ../src/platform.c'
'Invoking: ARM v7 gcc compiler'
arm-none-eabi-gcc -Wall -O0 -g3 -c -fmessage-length=0 -MT"src/platform.o" -mcpu=cortex-a9 -mfpu=vfpv3 -mfloat-abi=hard -I../../final1_bsp/ps7_cortexa9_0/include -MMD -MP -MF"src/platform.d" -MT"src/platform.o" -o "src/platform.o" "../src/platform.c"
'Finished building: ../src/platform.c'
' '
'Building target: final1.elf'
'Invoking: ARM v7 gcc linker'
arm-none-eabi-gcc -mcpu=cortex-a9 -mfpu=vfpv3 -mfloat-abi=hard -Wl,-build-id=none -specs=Xilinx.spec -Wl,-T -Wl,../src/lscript.ld -L../../final1_bsp/ps7_cortexa9_0/lib -o "final1.elf"  ./src/helloworld.o ./src/platform.o   -Wl,--start-group,-lxil,-lgcc,-lc,--end-group
'Finished building target: final1.elf'
' '
'Invoking: ARM v7 Print Size'
arm-none-eabi-size final1.elf  |tee "final1.elf.size"
   text	   data	    bss	    dec	    hex	filename
  19352	   1144	  22568	  43064	   a838	final1.elf
'Finished building: final1.elf.size'
' '
21:16:18 **** Auto Build of configuration Debug for project final1 ****
make pre-build main-build 
a9-linaro-pre-build-step
' '
'Building file: ../src/main.c'
'Invoking: ARM v7 gcc compiler'
arm-none-eabi-gcc -Wall -O0 -g3 -c -fmessage-length=0 -MT"src/main.o" -mcpu=cortex-a9 -mfpu=vfpv3 -mfloat-abi=hard -I../../final1_bsp/ps7_cortexa9_0/include -MMD -MP -MF"src/main.d" -MT"src/main.o" -o "src/main.o" "../src/main.c"
'Finished building: ../src/main.c'
' '
'Building target: final1.elf'
'Invoking: ARM v7 gcc linker'
arm-none-eabi-gcc -mcpu=cortex-a9 -mfpu=vfpv3 -mfloat-abi=hard -Wl,-build-id=none -specs=Xilinx.spec -Wl,-T -Wl,../src/lscript.ld -L../../final1_bsp/ps7_cortexa9_0/lib -o "final1.elf"  ./src/helloworld.o ./src/main.o ./src/platform.o   -Wl,--start-group,-lxil,-lgcc,-lc,--end-group
'Finished building target: final1.elf'
' '
'Invoking: ARM v7 Print Size'
arm-none-eabi-size final1.elf  |tee "final1.elf.size"
   text	   data	    bss	    dec	    hex	filename
  19352	   1144	  22568	  43064	   a838	final1.elf
'Finished building: final1.elf.size'
' '
21:20:45 **** Auto Build of configuration Debug for project final1 ****
make pre-build main-build 
a9-linaro-pre-build-step
' '
'Building file: ../src/main.c'
'Invoking: ARM v7 gcc compiler'
arm-none-eabi-gcc -Wall -O0 -g3 -c -fmessage-length=0 -MT"src/main.o" -mcpu=cortex-a9 -mfpu=vfpv3 -mfloat-abi=hard -I../../final1_bsp/ps7_cortexa9_0/include -MMD -MP -MF"src/main.d" -MT"src/main.o" -o "src/main.o" "../src/main.c"
../src/main.c:4:10: fatal error: LenaOnCode.h: No such file or directory
 #include "LenaOnCode.h"
          ^~~~~~~~~~~~~~
compilation terminated.
make: *** [src/subdir.mk:29: src/main.o] Error 1
21:21:08 **** Auto Build of configuration Debug for project final1 ****
make pre-build main-build 
a9-linaro-pre-build-step
' '
'Building file: ../src/main.c'
'Invoking: ARM v7 gcc compiler'
arm-none-eabi-gcc -Wall -O0 -g3 -c -fmessage-length=0 -MT"src/main.o" -mcpu=cortex-a9 -mfpu=vfpv3 -mfloat-abi=hard -I../../final1_bsp/ps7_cortexa9_0/include -MMD -MP -MF"src/main.d" -MT"src/main.o" -o "src/main.o" "../src/main.c"
../src/main.c:4:10: fatal error: LenaOnCode.h: No such file or directory
 #include "LenaOnCode.h"
          ^~~~~~~~~~~~~~
compilation terminated.
make: *** [src/subdir.mk:29: src/main.o] Error 1
21:21:15 **** Auto Build of configuration Debug for project final1 ****
make pre-build main-build 
a9-linaro-pre-build-step
' '
'Building file: ../src/main.c'
'Invoking: ARM v7 gcc compiler'
arm-none-eabi-gcc -Wall -O0 -g3 -c -fmessage-length=0 -MT"src/main.o" -mcpu=cortex-a9 -mfpu=vfpv3 -mfloat-abi=hard -I../../final1_bsp/ps7_cortexa9_0/include -MMD -MP -MF"src/main.d" -MT"src/main.o" -o "src/main.o" "../src/main.c"
In file included from ../src/main.c:5:0:
../../final1_bsp/ps7_cortexa9_0/include/xtime_l.h:87:9: note: #pragma message: For the sleep routines, Global timer is being used
 #pragma message ("For the sleep routines, Global timer is being used")
         ^~~~~~~
../src/main.c: In function 'main':
../src/main.c:90:22: error: 'img' undeclared (first use in this function)
        imgIn_HW[idx]=img[idx];
                      ^~~
../src/main.c:90:22: note: each undeclared identifier is reported only once for each function it appears in
../src/main.c:109:13: error: 'xMin' undeclared (first use in this function); did you mean 'idxMin'?
             xMin=idxMin;
             ^~~~
             idxMin
../src/main.c:116:13: error: 'xMax' undeclared (first use in this function); did you mean 'idxMax'?
             xMax=idxMax;
             ^~~~
             idxMax
../src/main.c:141:24: error: 'imgOut' undeclared (first use in this function); did you mean 'img'?
                     if(imgOut[idxComp]!=m_dma_buffer_RX[idxComp]){
                        ^~~~~~
                        img
../src/main.c:143:46: error: 'c' undeclared (first use in this function)
                                              c++;
                                              ^
make: *** [src/subdir.mk:29: src/main.o] Error 1
21:21:36 **** Auto Build of configuration Debug for project final1 ****
make pre-build main-build 
a9-linaro-pre-build-step
' '
'Building file: ../src/main.c'
'Invoking: ARM v7 gcc compiler'
arm-none-eabi-gcc -Wall -O0 -g3 -c -fmessage-length=0 -MT"src/main.o" -mcpu=cortex-a9 -mfpu=vfpv3 -mfloat-abi=hard -I../../final1_bsp/ps7_cortexa9_0/include -MMD -MP -MF"src/main.d" -MT"src/main.o" -o "src/main.o" "../src/main.c"
In file included from ../src/main.c:5:0:
../../final1_bsp/ps7_cortexa9_0/include/xtime_l.h:87:9: note: #pragma message: For the sleep routines, Global timer is being used
 #pragma message ("For the sleep routines, Global timer is being used")
         ^~~~~~~
../src/main.c: In function 'main':
../src/main.c:109:13: error: 'xMin' undeclared (first use in this function); did you mean 'idxMin'?
             xMin=idxMin;
             ^~~~
             idxMin
../src/main.c:109:13: note: each undeclared identifier is reported only once for each function it appears in
../src/main.c:116:13: error: 'xMax' undeclared (first use in this function); did you mean 'idxMax'?
             xMax=idxMax;
             ^~~~
             idxMax
../src/main.c:141:24: error: 'imgOut' undeclared (first use in this function); did you mean 'img'?
                     if(imgOut[idxComp]!=m_dma_buffer_RX[idxComp]){
                        ^~~~~~
                        img
../src/main.c:143:46: error: 'c' undeclared (first use in this function)
                                              c++;
                                              ^
make: *** [src/subdir.mk:29: src/main.o] Error 1
21:22:57 **** Auto Build of configuration Debug for project final1 ****
make pre-build main-build 
a9-linaro-pre-build-step
' '
'Building file: ../src/main.c'
'Invoking: ARM v7 gcc compiler'
arm-none-eabi-gcc -Wall -O0 -g3 -c -fmessage-length=0 -MT"src/main.o" -mcpu=cortex-a9 -mfpu=vfpv3 -mfloat-abi=hard -I../../final1_bsp/ps7_cortexa9_0/include -MMD -MP -MF"src/main.d" -MT"src/main.o" -o "src/main.o" "../src/main.c"
In file included from ../src/main.c:5:0:
../../final1_bsp/ps7_cortexa9_0/include/xtime_l.h:87:9: note: #pragma message: For the sleep routines, Global timer is being used
 #pragma message ("For the sleep routines, Global timer is being used")
         ^~~~~~~
../src/main.c: In function 'main':
../src/main.c:109:13: error: 'xMin' undeclared (first use in this function); did you mean 'idxMin'?
             xMin=idxMin;
             ^~~~
             idxMin
../src/main.c:109:13: note: each undeclared identifier is reported only once for each function it appears in
../src/main.c:116:13: error: 'xMax' undeclared (first use in this function); did you mean 'idxMax'?
             xMax=idxMax;
             ^~~~
             idxMax
make: *** [src/subdir.mk:29: src/main.o] Error 1
21:26:12 **** Auto Build of configuration Debug for project final1 ****
make pre-build main-build 
a9-linaro-pre-build-step
' '
'Building file: ../src/main.c'
'Invoking: ARM v7 gcc compiler'
arm-none-eabi-gcc -Wall -O0 -g3 -c -fmessage-length=0 -MT"src/main.o" -mcpu=cortex-a9 -mfpu=vfpv3 -mfloat-abi=hard -I../../final1_bsp/ps7_cortexa9_0/include -MMD -MP -MF"src/main.d" -MT"src/main.o" -o "src/main.o" "../src/main.c"
In file included from ../src/main.c:5:0:
../../final1_bsp/ps7_cortexa9_0/include/xtime_l.h:87:9: note: #pragma message: For the sleep routines, Global timer is being used
 #pragma message ("For the sleep routines, Global timer is being used")
         ^~~~~~~
'Finished building: ../src/main.c'
' '
'Building target: final1.elf'
'Invoking: ARM v7 gcc linker'
arm-none-eabi-gcc -mcpu=cortex-a9 -mfpu=vfpv3 -mfloat-abi=hard -Wl,-build-id=none -specs=Xilinx.spec -Wl,-T -Wl,../src/lscript.ld -L../../final1_bsp/ps7_cortexa9_0/lib -o "final1.elf"  ./src/helloworld.o ./src/main.o ./src/platform.o   -Wl,--start-group,-lxil,-lgcc,-lc,--end-group
./src/main.o: In function `main':
D:\HLS_PROJECT\CONTRAST_HISTOGRAM\CONTRAST_HISTOGRAM.sdk\final1\Debug/../src/main.c:81: multiple definition of `main'
./src/helloworld.o:D:\HLS_PROJECT\CONTRAST_HISTOGRAM\CONTRAST_HISTOGRAM.sdk\final1\Debug/../src/helloworld.c:54: first defined here
collect2.exe: error: ld returned 1 exit status
make: *** [makefile:41: final1.elf] Error 1
21:26:30 **** Clean-only build of configuration Debug for project final1 ****
make clean 
rm -rf  ./src/helloworld.o ./src/main.o ./src/platform.o  ./src/helloworld.d ./src/main.d ./src/platform.d  final1.elf.size  final1.elf
' '
21:26:30 **** Auto Build of configuration Debug for project final1 ****
make pre-build main-build 
a9-linaro-pre-build-step
' '
'Building file: ../src/main.c'
'Invoking: ARM v7 gcc compiler'
arm-none-eabi-gcc -Wall -O0 -g3 -c -fmessage-length=0 -MT"src/main.o" -mcpu=cortex-a9 -mfpu=vfpv3 -mfloat-abi=hard -I../../final1_bsp/ps7_cortexa9_0/include -MMD -MP -MF"src/main.d" -MT"src/main.o" -o "src/main.o" "../src/main.c"
In file included from ../src/main.c:5:0:
../../final1_bsp/ps7_cortexa9_0/include/xtime_l.h:87:9: note: #pragma message: For the sleep routines, Global timer is being used
 #pragma message ("For the sleep routines, Global timer is being used")
         ^~~~~~~
'Finished building: ../src/main.c'
' '
'Building file: ../src/platform.c'
'Invoking: ARM v7 gcc compiler'
arm-none-eabi-gcc -Wall -O0 -g3 -c -fmessage-length=0 -MT"src/platform.o" -mcpu=cortex-a9 -mfpu=vfpv3 -mfloat-abi=hard -I../../final1_bsp/ps7_cortexa9_0/include -MMD -MP -MF"src/platform.d" -MT"src/platform.o" -o "src/platform.o" "../src/platform.c"
'Finished building: ../src/platform.c'
' '
'Building target: final1.elf'
'Invoking: ARM v7 gcc linker'
arm-none-eabi-gcc -mcpu=cortex-a9 -mfpu=vfpv3 -mfloat-abi=hard -Wl,-build-id=none -specs=Xilinx.spec -Wl,-T -Wl,../src/lscript.ld -L../../final1_bsp/ps7_cortexa9_0/lib -o "final1.elf"  ./src/main.o ./src/platform.o   -Wl,--start-group,-lxil,-lgcc,-lc,--end-group
'Finished building target: final1.elf'
' '
'Invoking: ARM v7 Print Size'
arm-none-eabi-size final1.elf  |tee "final1.elf.size"
   text	   data	    bss	    dec	    hex	filename
  40544	  79088	 101336	 220968	  35f28	final1.elf
'Finished building: final1.elf.size'
' '
22:04:15 **** Build of project finalsw_bsp ****
make -k all 
"Running Make include in ps7_cortexa9_0/libsrc/axidma_v9_8/src"
make -C ps7_cortexa9_0/libsrc/axidma_v9_8/src -s include  "SHELL=CMD" "COMPILER=arm-none-eabi-gcc" "ARCHIVER=arm-none-eabi-ar" "COMPILER_FLAGS=  -O2 -c" "EXTRA_COMPILER_FLAGS=-mcpu=cortex-a9 -mfpu=vfpv3 -mfloat-abi=hard -nostartfiles -g -Wall -Wextra"
"Running Make include in ps7_cortexa9_0/libsrc/bram_v4_2/src"
make -C ps7_cortexa9_0/libsrc/bram_v4_2/src -s include  "SHELL=CMD" "COMPILER=arm-none-eabi-gcc" "ARCHIVER=arm-none-eabi-ar" "COMPILER_FLAGS=  -O2 -c" "EXTRA_COMPILER_FLAGS=-mcpu=cortex-a9 -mfpu=vfpv3 -mfloat-abi=hard -nostartfiles -g -Wall -Wextra"
"Running Make include in ps7_cortexa9_0/libsrc/coresightps_dcc_v1_4/src"
make -C ps7_cortexa9_0/libsrc/coresightps_dcc_v1_4/src -s include  "SHELL=CMD" "COMPILER=arm-none-eabi-gcc" "ARCHIVER=arm-none-eabi-ar" "COMPILER_FLAGS=  -O2 -c" "EXTRA_COMPILER_FLAGS=-mcpu=cortex-a9 -mfpu=vfpv3 -mfloat-abi=hard -nostartfiles -g -Wall -Wextra"
"Running Make include in ps7_cortexa9_0/libsrc/cpu_cortexa9_v2_7/src"
make -C ps7_cortexa9_0/libsrc/cpu_cortexa9_v2_7/src -s include  "SHELL=CMD" "COMPILER=arm-none-eabi-gcc" "ARCHIVER=arm-none-eabi-ar" "COMPILER_FLAGS=  -O2 -c" "EXTRA_COMPILER_FLAGS=-mcpu=cortex-a9 -mfpu=vfpv3 -mfloat-abi=hard -nostartfiles -g -Wall -Wextra"
"Running Make include in ps7_cortexa9_0/libsrc/ddrps_v1_0/src"
make -C ps7_cortexa9_0/libsrc/ddrps_v1_0/src -s include  "SHELL=CMD" "COMPILER=arm-none-eabi-gcc" "ARCHIVER=arm-none-eabi-ar" "COMPILER_FLAGS=  -O2 -c" "EXTRA_COMPILER_FLAGS=-mcpu=cortex-a9 -mfpu=vfpv3 -mfloat-abi=hard -nostartfiles -g -Wall -Wextra"
"Running Make include in ps7_cortexa9_0/libsrc/devcfg_v3_5/src"
make -C ps7_cortexa9_0/libsrc/devcfg_v3_5/src -s include  "SHELL=CMD" "COMPILER=arm-none-eabi-gcc" "ARCHIVER=arm-none-eabi-ar" "COMPILER_FLAGS=  -O2 -c" "EXTRA_COMPILER_FLAGS=-mcpu=cortex-a9 -mfpu=vfpv3 -mfloat-abi=hard -nostartfiles -g -Wall -Wextra"
"Running Make include in ps7_cortexa9_0/libsrc/dmaps_v2_4/src"
make -C ps7_cortexa9_0/libsrc/dmaps_v2_4/src -s include  "SHELL=CMD" "COMPILER=arm-none-eabi-gcc" "ARCHIVER=arm-none-eabi-ar" "COMPILER_FLAGS=  -O2 -c" "EXTRA_COMPILER_FLAGS=-mcpu=cortex-a9 -mfpu=vfpv3 -mfloat-abi=hard -nostartfiles -g -Wall -Wextra"
"Running Make include in ps7_cortexa9_0/libsrc/doHistStrech_v1_0/src"
make -C ps7_cortexa9_0/libsrc/doHistStrech_v1_0/src -s include  "SHELL=CMD" "COMPILER=arm-none-eabi-gcc" "ARCHIVER=arm-none-eabi-ar" "COMPILER_FLAGS=  -O2 -c" "EXTRA_COMPILER_FLAGS=-mcpu=cortex-a9 -mfpu=vfpv3 -mfloat-abi=hard -nostartfiles -g -Wall -Wextra"
"Running Make include in ps7_cortexa9_0/libsrc/doHist_v1_0/src"
make -C ps7_cortexa9_0/libsrc/doHist_v1_0/src -s include  "SHELL=CMD" "COMPILER=arm-none-eabi-gcc" "ARCHIVER=arm-none-eabi-ar" "COMPILER_FLAGS=  -O2 -c" "EXTRA_COMPILER_FLAGS=-mcpu=cortex-a9 -mfpu=vfpv3 -mfloat-abi=hard -nostartfiles -g -Wall -Wextra"
"Running Make include in ps7_cortexa9_0/libsrc/emacps_v3_8/src"
make -C ps7_cortexa9_0/libsrc/emacps_v3_8/src -s include  "SHELL=CMD" "COMPILER=arm-none-eabi-gcc" "ARCHIVER=arm-none-eabi-ar" "COMPILER_FLAGS=  -O2 -c" "EXTRA_COMPILER_FLAGS=-mcpu=cortex-a9 -mfpu=vfpv3 -mfloat-abi=hard -nostartfiles -g -Wall -Wextra"
"Running Make include in ps7_cortexa9_0/libsrc/gpiops_v3_4/src"
make -C ps7_cortexa9_0/libsrc/gpiops_v3_4/src -s include  "SHELL=CMD" "COMPILER=arm-none-eabi-gcc" "ARCHIVER=arm-none-eabi-ar" "COMPILER_FLAGS=  -O2 -c" "EXTRA_COMPILER_FLAGS=-mcpu=cortex-a9 -mfpu=vfpv3 -mfloat-abi=hard -nostartfiles -g -Wall -Wextra"
"Running Make include in ps7_cortexa9_0/libsrc/qspips_v3_5/src"
make -C ps7_cortexa9_0/libsrc/qspips_v3_5/src -s include  "SHELL=CMD" "COMPILER=arm-none-eabi-gcc" "ARCHIVER=arm-none-eabi-ar" "COMPILER_FLAGS=  -O2 -c" "EXTRA_COMPILER_FLAGS=-mcpu=cortex-a9 -mfpu=vfpv3 -mfloat-abi=hard -nostartfiles -g -Wall -Wextra"
"Running Make include in ps7_cortexa9_0/libsrc/scugic_v3_10/src"
make -C ps7_cortexa9_0/libsrc/scugic_v3_10/src -s include  "SHELL=CMD" "COMPILER=arm-none-eabi-gcc" "ARCHIVER=arm-none-eabi-ar" "COMPILER_FLAGS=  -O2 -c" "EXTRA_COMPILER_FLAGS=-mcpu=cortex-a9 -mfpu=vfpv3 -mfloat-abi=hard -nostartfiles -g -Wall -Wextra"
"Running Make include in ps7_cortexa9_0/libsrc/scutimer_v2_1/src"
make -C ps7_cortexa9_0/libsrc/scutimer_v2_1/src -s include  "SHELL=CMD" "COMPILER=arm-none-eabi-gcc" "ARCHIVER=arm-none-eabi-ar" "COMPILER_FLAGS=  -O2 -c" "EXTRA_COMPILER_FLAGS=-mcpu=cortex-a9 -mfpu=vfpv3 -mfloat-abi=hard -nostartfiles -g -Wall -Wextra"
"Running Make include in ps7_cortexa9_0/libsrc/scuwdt_v2_1/src"
make -C ps7_cortexa9_0/libsrc/scuwdt_v2_1/src -s include  "SHELL=CMD" "COMPILER=arm-none-eabi-gcc" "ARCHIVER=arm-none-eabi-ar" "COMPILER_FLAGS=  -O2 -c" "EXTRA_COMPILER_FLAGS=-mcpu=cortex-a9 -mfpu=vfpv3 -mfloat-abi=hard -nostartfiles -g -Wall -Wextra"
"Running Make include in ps7_cortexa9_0/libsrc/sdps_v3_6/src"
make -C ps7_cortexa9_0/libsrc/sdps_v3_6/src -s include  "SHELL=CMD" "COMPILER=arm-none-eabi-gcc" "ARCHIVER=arm-none-eabi-ar" "COMPILER_FLAGS=  -O2 -c" "EXTRA_COMPILER_FLAGS=-mcpu=cortex-a9 -mfpu=vfpv3 -mfloat-abi=hard -nostartfiles -g -Wall -Wextra"
"Running Make include in ps7_cortexa9_0/libsrc/standalone_v6_8/src"
make -C ps7_cortexa9_0/libsrc/standalone_v6_8/src -s include  "SHELL=CMD" "COMPILER=arm-none-eabi-gcc" "ARCHIVER=arm-none-eabi-ar" "COMPILER_FLAGS=  -O2 -c" "EXTRA_COMPILER_FLAGS=-mcpu=cortex-a9 -mfpu=vfpv3 -mfloat-abi=hard -nostartfiles -g -Wall -Wextra"
"Running Make include in ps7_cortexa9_0/libsrc/ttcps_v3_7/src"
make -C ps7_cortexa9_0/libsrc/ttcps_v3_7/src -s include  "SHELL=CMD" "COMPILER=arm-none-eabi-gcc" "ARCHIVER=arm-none-eabi-ar" "COMPILER_FLAGS=  -O2 -c" "EXTRA_COMPILER_FLAGS=-mcpu=cortex-a9 -mfpu=vfpv3 -mfloat-abi=hard -nostartfiles -g -Wall -Wextra"
"Running Make include in ps7_cortexa9_0/libsrc/uartps_v3_7/src"
make -C ps7_cortexa9_0/libsrc/uartps_v3_7/src -s include  "SHELL=CMD" "COMPILER=arm-none-eabi-gcc" "ARCHIVER=arm-none-eabi-ar" "COMPILER_FLAGS=  -O2 -c" "EXTRA_COMPILER_FLAGS=-mcpu=cortex-a9 -mfpu=vfpv3 -mfloat-abi=hard -nostartfiles -g -Wall -Wextra"
"Running Make include in ps7_cortexa9_0/libsrc/usbps_v2_4/src"
make -C ps7_cortexa9_0/libsrc/usbps_v2_4/src -s include  "SHELL=CMD" "COMPILER=arm-none-eabi-gcc" "ARCHIVER=arm-none-eabi-ar" "COMPILER_FLAGS=  -O2 -c" "EXTRA_COMPILER_FLAGS=-mcpu=cortex-a9 -mfpu=vfpv3 -mfloat-abi=hard -nostartfiles -g -Wall -Wextra"
"Running Make include in ps7_cortexa9_0/libsrc/xadcps_v2_3/src"
make -C ps7_cortexa9_0/libsrc/xadcps_v2_3/src -s include  "SHELL=CMD" "COMPILER=arm-none-eabi-gcc" "ARCHIVER=arm-none-eabi-ar" "COMPILER_FLAGS=  -O2 -c" "EXTRA_COMPILER_FLAGS=-mcpu=cortex-a9 -mfpu=vfpv3 -mfloat-abi=hard -nostartfiles -g -Wall -Wextra"
"Running Make libs in ps7_cortexa9_0/libsrc/axidma_v9_8/src"
make -C ps7_cortexa9_0/libsrc/axidma_v9_8/src -s libs  "SHELL=CMD" "COMPILER=arm-none-eabi-gcc" "ARCHIVER=arm-none-eabi-ar" "COMPILER_FLAGS=  -O2 -c" "EXTRA_COMPILER_FLAGS=-mcpu=cortex-a9 -mfpu=vfpv3 -mfloat-abi=hard -nostartfiles -g -Wall -Wextra"
"Compiling axidma"
arm-none-eabi-ar: creating ../../../lib/libxil.a
"Running Make libs in ps7_cortexa9_0/libsrc/bram_v4_2/src"
make -C ps7_cortexa9_0/libsrc/bram_v4_2/src -s libs  "SHELL=CMD" "COMPILER=arm-none-eabi-gcc" "ARCHIVER=arm-none-eabi-ar" "COMPILER_FLAGS=  -O2 -c" "EXTRA_COMPILER_FLAGS=-mcpu=cortex-a9 -mfpu=vfpv3 -mfloat-abi=hard -nostartfiles -g -Wall -Wextra"
"Compiling bram"
"Running Make libs in ps7_cortexa9_0/libsrc/coresightps_dcc_v1_4/src"
make -C ps7_cortexa9_0/libsrc/coresightps_dcc_v1_4/src -s libs  "SHELL=CMD" "COMPILER=arm-none-eabi-gcc" "ARCHIVER=arm-none-eabi-ar" "COMPILER_FLAGS=  -O2 -c" "EXTRA_COMPILER_FLAGS=-mcpu=cortex-a9 -mfpu=vfpv3 -mfloat-abi=hard -nostartfiles -g -Wall -Wextra"
"Compiling coresightps_dcc"
"Running Make libs in ps7_cortexa9_0/libsrc/cpu_cortexa9_v2_7/src"
make -C ps7_cortexa9_0/libsrc/cpu_cortexa9_v2_7/src -s libs  "SHELL=CMD" "COMPILER=arm-none-eabi-gcc" "ARCHIVER=arm-none-eabi-ar" "COMPILER_FLAGS=  -O2 -c" "EXTRA_COMPILER_FLAGS=-mcpu=cortex-a9 -mfpu=vfpv3 -mfloat-abi=hard -nostartfiles -g -Wall -Wextra"
"Compiling cpu_cortexa9"
"Running Make libs in ps7_cortexa9_0/libsrc/ddrps_v1_0/src"
make -C ps7_cortexa9_0/libsrc/ddrps_v1_0/src -s libs  "SHELL=CMD" "COMPILER=arm-none-eabi-gcc" "ARCHIVER=arm-none-eabi-ar" "COMPILER_FLAGS=  -O2 -c" "EXTRA_COMPILER_FLAGS=-mcpu=cortex-a9 -mfpu=vfpv3 -mfloat-abi=hard -nostartfiles -g -Wall -Wextra"
"Compiling ddrps"
"Running Make libs in ps7_cortexa9_0/libsrc/devcfg_v3_5/src"
[...]
48,53,56,58,59,59,58,59,58,57,58,58,58,58,58,61,61,62,63,63,64,63,63,63,64,63,64,64,64,64,65,65,65,65,65,65,66,65,65,65,65,64,65,65,64,63,63,64,64,64,62,58,51,40,31,23,18,16,16,19,21,23,25,24,24,23,24,24,24,25,25,26,25,25,26,26,25,23,21,19,18,19,22,26,28,28,26,24,21,19,18,17,16,15,16,17,19,24,28,32,34,34,34,34,33,34,32,33,33,34,34,33,34,35,35,35,36,37,37,29,15,10,10,10,10,11,11,11,12,13,12,12,13,13,13,12,12,11,11,12,12,14,12,12,12,11,12,12,13,13,12,12,12,11,10,15,25,35,41,43,44,42,40,40,41,42,42,44,46,46,45,45,45,46,45,45,45,45,45,45,45,44,45,44,44,44,44,44,45,45,46,44,46,44,46,44,45,45,45,45,45,46,46,46,46,46,46,46,46,46,46,44,41,41,41,41,41,42,43,43,43,44,43,43,42,43,42,42,41,41,41,40,39,38,37,37,37,36,40,48,54,56,59,59,59,58,58,57,58,58,58,58,59,60,60,62,62,63,63,63,63,63,63,63,63,63,64,64,65,64,65,65,66,66,66,66,65,65,65,65,65,65,65,65,64,64,63,64,63,62,61,56,42,26,15,11,11,14,18,21,23,24,25,24,24,24,25,25,25,26,27,27,28,27,26,26,24,21,19,19,20,23,26,29,28,25,24,21,20,19,18,17,16,17,19,22,24,28,31,34,35,35,34,32,32,33,33,33,33,33,34,33,34,35,36,36,37,37,32,18,11,10,11,11,10,11,12,12,11,12,13,12,14,14,12,13,11,11,12,12,13,13,11,11,11,12,12,13,13,13,12,12,12,13,15,25,35,41,43,43,42,39,41,41,42,44,44,45,45,46,45,45,45,45,45,45,45,45,45,45,44,45,44,44,44,45,44,45,44,43,45,45,44,45,45,45,45,45,45,45,46,46,45,45,46,46,46,45,46,46,45,44,42,41,40,41,41,41,43,43,44,44,44,43,42,42,42,42,41,40,41,39,39,38,37,37,36,39,46,53,55,58,59,59,59,58,58,58,58,58,58,59,59,61,61,62,63,63,63,64,62,62,63,63,63,64,63,64,64,64,65,65,66,66,66,66,66,65,65,65,65,65,65,65,64,64,64,61,60,59,58,52,31,15,9,8,12,18,21,24,24,23,24,24,25,25,27,26,27,28,27,28,27,26,24,24,21,20,19,20,23,25,27,28,26,24,21,20,19,19,19,18,18,19,22,26,28,30,32,34,35,35,33,32,32,33,33,32,33,33,34,35,35,35,37,38,38,35,23,11,10,11,10,10,12,12,12,12,12,12,12,13,13,12,12,12,10,11,12,12,13,12,12,11,12,11,12,13,13,13,13,11,13,17,26,35,41,43,42,41,40,39,40,43,44,45,45,45,45,46,45,45,45,46,45,45,45,46,44,44,45,45,44,44,44,45,45,45,44,43,44,44,45,44,45,45,46,46,46,45,45,45,46,46,46,46,46,46,45,45,45,45,42,41,41,40,40,41,42,43,44,44,43,43,43,42,42,41,41,41,40,39,39,38,38,35,37,44,51,55,57,58,58,59,58,58,58,58,58,58,58,58,60,61,61,63,62,64,63,63,62,63,63,63,64,64,63,63,64,65,64,65,66,65,66,66,65,65,66,66,66,65,65,65,64,64,63,60,57,55,53,44,19,10,9,13,18,22,24,24,24,23,23,25,26,28,27,29,30,30,29,29,27,24,22,21,19,20,21,23,26,27,25,25,23,22,21,19,19,19,19,20,20,23,27,28,31,32,32,33,34,33,32,34,34,34,33,33,33,33,35,35,35,36,38,39,35,26,14,9,10,11,11,11,11,12,12,12,12,12,13,12,12,13,12,11,12,12,12,13,12,11,11,11,12,12,11,13,14,14,13,13,15,24,35,41,42,42,41,40,39,39,41,44,44,46,45,45,46,45,46,45,45,46,46,46,45,45,44,44,44,44,45,45,43,45,44,45,44,45,45,44,44,45,45,45,44,45,44,45,45,46,46,46,47,46,45,45,46,45,46,45,42,41,40,40,40,41,42,42,44,44,44,44,43,43,42,42,42,41,40,39,37,38,37,37,42,50,55,57,58,58,58,58,58,57,58,58,58,58,60,61,61,62,62,63,63,62,62,63,62,62,63,63,64,64,63,63,64,64,64,65,66,66,66,66,65,65,66,66,66,65,65,64,64,63,62,59,56,54,47,30,11,8,13,19,23,25,24,23,24,24,25,26,27,28,29,29,30,30,29,29,26,25,21,19,19,21,24,25,27,27,25,23,23,23,20,19,19,19,20,22,23,27,28,29,30,33,32,33,33,31,28,33,34,34,34,33,33,33,34,35,35,37,38,37,28,16,10,10,10,10,11,11,12,12,13,12,13,12,12,12,12,11,12,11,12,13,13,13,12,11,12,12,13,14,12,13,14,15,15,16,24,34,42,43,42,40,40,39,40,42,44,45,45,45,45,45,45,45,44,44,46,45,46,45,45,45,44,45,45,44,45,44,45,45,44,44,44,45,44,44,45,44,44,45,45,44,44,45,45,45,46,46,46,45,45,45,45,46,46,44,42,42,41,40,41,41,42,43,43,44,44,43,43,42,42,42,41,39,40,38,38,38,36,39,47,54,57,59,58,58,58,58,58,58,57,58,58,59,61,62,62,63,62,63,63,62,63,63,62,63,63,63,64,64,63,64,64,65,65,65,66,66,66,65,65,65,65,66,65,65,64,64,64,63,60,58,52,48,33,17,10,11,19,22,23,23,24,24,25,25,26,26,29,29,29,29,30,29,29,26,25,22,19,19,21,23,26,27,25,24,24,22,22,21,20,20,19,21,21,23,25,28,30,31,31,32,32,30,29,26,24,33,33,34,34,33,33,34,34,35,37,38,38,32,18,11,11,10,10,11,12,12,12,13,13,12,12,12,12,12,11,11,11,12,12,13,13,12,12,11,12,14,14,14,14,14,14,15,17,25,35,41,42,41,41,40,39,39,42,44,45,46,45,45,45,45,46,45,45,45,44,45,45,45,45,46,45,45,44,44,44,44,44,45,43,43,43,44,44,44,44,45,44,45,45,44,45,44,46,45,46,46,45,45,45,46,46,45,45,45,43,41,39,39,40,42,42,43,43,43,44,43,42,43,42,41,40,40,40,39,37,37,38,43,51,57,59,59,59,59,58,58,58,58,58,58,59,60,62,62,62,63,62,63,63,63,63,63,62,63,63,63,65,64,64,64,65,65,65,65,65,66,65,65,65,65,65,65,65,65,64,63,62,60,58,55,50,35,17,9,11,17,23,23,23,23,24,25,26,26,27,28,29,30,30,29,28,28,27,25,23,22,20,23,24,26,26,26,25,24,24,24,22,22,21,21,21,22,24,25,28,29,30,32,32,32,30,28,26,22,20,34,33,34,33,34,34,34,34,36,37,39,34,22,11,9,10,11,11,12,12,13,13,14,13,12,12,12,12,12,11,11,11,12,12,12,12,11,11,11,12,15,15,14,15,15,14,16,24,35,41,42,42,40,38,38,39,41,44,45,45,46,45,45,45,45,44,45,45,44,44,44,45,45,45,44,44,45,45,45,44,44,44,43,44,44,44,43,44,43,44,43,45,45,45,44,45,46,45,45,45,45,45,46,45,45,45,45,45,45,43,41,40,40,40,41,41,43,43,44,44,44,43,43,42,41,40,39,39,39,36,37,40,48,56,58,59,59,58,59,58,57,58,58,58,58,60,60,62,62,63,62,62,63,63,63,62,63,62,63,63,63,63,63,64,64,64,65,65,65,65,65,64,64,64,65,65,65,65,64,64,63,60,57,53,52,43,21,10,10,15,21,24,23,23,22,24,25,26,27,28,29,30,31,30,28,26,26,25,23,22,22,23,26,27,27,26,24,24,24,24,24,22,21,21,21,22,24,26,28,29,30,31,31,31,29,28,26,23,19,16,34,34,33,33,33,34,34,35,37,39,37,25,13,9,10,12,11,12,13,13,13,13,14,14,12,12,12,12,11,11,11,12,13,13,12,12,11,11,12,12,15,16,17,18,18,18,21,31,39,43,42,40,39,38,39,41,44,45,45,45,45,45,45,44,45,45,44,44,45,45,44,45,44,45,45,45,44,44,44,45,45,44,44,44,43,44,43,43,44,43,44,44,44,44,45,44,45,45,45,45,45,45,44,45,45,45,44,45,45,43,41,40,40,40,41,42,43,43,44,44,44,43,43,41,40,40,38,38,38,36,38,44,52,57,59,59,59,59,58,58,58,58,58,58,60,61,62,63,63,63,62,62,62,62,62,62,63,63,64,63,63,64,63,65,65,64,65,65,65,65,65,64,64,64,65,65,65,64,63,64,62,59,53,50,47,33,14,10,14,18,21,22,23,23,22,24,25,27,29,29,30,30,30,27,25,24,24,23,23,22,24,26,28,28,26,25,25,24,24,23,24,22,22,21,22,25,27,29,30,30,31,31,30,29,26,25,23,20,17,14,33,33,34,33,33,34,34,36,38,37,29,16,11,9,11,12,11,12,13,14,13,13,13,13,12,12,12,11,11,11,11,12,12,13,11,11,11,12,12,13,15,16,18,19,20,24,31,39,41,41,42,39,37,38,41,44,45,46,45,44,46,45,45,44,44,45,45,45,44,44,44,44,44,44,46,45,44,45,44,45,45,43,44,44,44,44,44,44,45,44,45,44,44,45,45,44,44,45,45,44,45,44,44,44,44,44,44,44,44,43,42,40,40,39,40,41,42,42,43,43,44,42,41,40,40,39,38,38,37,37,40,48,53,57,59,59,58,59,59,58,59,57,58,59,61,63,63,63,63,63,62,62,63,64,62,63,64,64,63,63,63,63,64,64,64,64,65,65,65,66,65,63,64,64,65,65,64,64,63,63,62,58,50,44,37,22,10,12,17,20,22,22,23,23,24,24,26,27,29,29,29,27,28,25,24,23,23,24,23,23,24,26,27,27,26,25,24,25,23,24,23,22,23,22,23,27,29,30,29,29,30,29,29,27,25,24,21,18,14,14,33,33,34,34,33,33,35,37,37,32,19,15,13,10,11,11,13,13,14,13,13,14,14,13,12,12,12,12,12,12,12,12,12,12,12,11,12,12,13,15,17,19,19,20,24,31,38,41,40,39,38,38,38,40,44,45,46,46,45,44,45,45,44,45,45,45,45,45,45,44,45,45,45,45,44,45,45,44,45,45,44,44,44,44,43,43,43,44,45,45,45,45,44,45,44,44,45,44,44,45,45,44,45,45,45,45,45,44,45,44,42,40,40,40,40,41,41,42,43,43,42,43,41,40,40,39,39,38,35,36,42,51,55,58,59,59,58,59,58,58,59,58,59,60,62,62,63,63,63,62,62,63,64,64,63,63,64,63,63,63,63,63,64,65,64,64,65,65,65,65,64,63,64,64,65,65,64,63,62,62,60,56,46,36,24,12,9,14,19,21,20,21,21,23,23,26,28,29,30,28,26,25,25,24,23,23,23,24,24,25,25,27,27,26,25,24,25,24,24,23,24,23,25,25,26,28,30,28,28,27,28,27,27,25,23,21,18,15,13,12,34,34,34,34,34,34,37,38,33,23,13,12,13,11,11,11,12,13,14,13,13,13,13,14,13,12,11,12,11,13,12,12,12,12,12,12,13,14,16,18,19,18,19,21,29,37,41,40,40,39,37,37,40,43,45,46,46,46,45,44,45,44,44,44,44,44,44,45,44,45,44,44,45,45,44,44,44,45,44,45,44,44,43,44,44,44,43,44,44,44,43,44,43,44,44,45,44,44,45,45,45,44,46,45,44,45,44,44,43,44,43,42,39,40,40,40,41,42,43,42,42,42,41,40,39,39,38,37,36,38,46,53,57,58,58,59,58,58,57,58,59,59,60,61,62,62,63,63,62,62,63,63,63,64,64,64,63,63,63,63,64,64,65,65,65,65,65,65,65,64,63,63,64,64,65,65,63,63,64,63,60,51,36,23,15,9,10,15,20,20,20,21,22,23,25,27,30,30,28,26,25,24,23,23,24,23,24,25,26,26,26,26,26,25,24,24,23,24,24,24,24,24,27,27,29,29,29,27,27,28,27,26,25,23,21,18,15,14,12,11,33,33,34,33,34,35,38,35,26,15,12,11,11,11,11,11,12,14,13,12,12,13,13,13,12,11,12,12,13,13,11,12,11,11,12,12,13,16,18,18,18,18,20,27,36,40,40,40,39,38,38,40,43,44,47,47,47,47,45,44,44,45,44,45,44,44,44,45,45,44,45,44,44,45,45,45,45,45,45,43,44,44,44,43,43,43,44,44,44,44,44,44,44,44,45,44,44,45,44,45,45,45,45,44,44,44,45,45,44,43,42,41,40,40,40,39,39,41,41,42,41,41,40,39,38,37,37,36,35,41,49,55,57,58,57,57,58,58,58,58,58,59,60,62,63,63,63,63,62,62,62,64,64,64,64,65,64,63,63,63,65,64,65,65,65,65,65,65,65,63,63,63,64,64,64,64,63,63,63,62,58,45,25,15,10,9,12,16,19,20,20,20,22,23,26,28,30,28,26,24,24,23,24,23,24,24,25,26,27,27,26,26,25,24,23,23,23,23,24,25,25,26,28,29,29,29,27,26,26,26,26,25,23,19,18,16,14,12,12,11,32,32,33,34,35,36,37,29,17,11,11,11,10,11,12,11,12,14,13,12,12,13,13,12,12,12,13,12,13,11,11,12,11,12,12,14,16,20,20,17,14,17,25,33,40,42,41,40,40,38,39,44,45,45,47,46,46,46,46,44,44,44,45,45,44,44,45,45,45,45,45,44,44,45,45,44,45,44,44,44,43,44,44,43,44,44,44,44,44,43,44,44,45,45,45,45,45,44,44,44,44,44,45,44,45,45,44,45,43,43,43,42,40,40,39,40,40,42,41,41,41,41,39,39,38,37,36,35,37,46,51,55,57,57,57,57,57,57,58,58,59,60,61,62,62,63,62,62,62,62,62,64,64,65,64,65,64,64,65,64,64,65,65,65,65,65,65,65,65,64,64,63,64,64,64,63,63,62,62,61,56,36,15,11,10,11,15,17,18,19,21,22,23,26,29,29,29,27,23,23,22,23,24,24,25,26,26,27,27,27,25,25,24,23,23,23,25,25,26,26,26,27,28,28,27,27,24,23,24,24,22,21,19,16,16,13,13,12,12,11,32,33,32,33,35,38,33,20,11,10,11,12,10,10,11,11,12,13,13,13,13,12,12,12,12,12,13,12,12,12,11,11,11,11,13,15,19,20,19,15,15,24,33,37,41,43,41,41,39,39,42,44,45,46,46,45,45,46,45,46,44,45,45,45,44,45,45,44,44,44,44,45,45,44,44,44,44,44,44,45,44,44,44,44,44,44,44,43,43,43,43,44,43,44,44,44,43,45,45,45,45,45,44,44,45,45,44,44,43,42,42,42,41,39,39,39,39,41,41,41,40,40,40,39,38,37,35,36,39,48,52,56,57,57,57,57,57,58,58,58,58,60,62,62,63,63,63,62,63,63,64,63,64,64,64,64,65,64,64,65,65,65,65,65,65,65,65,65,65,63,63,64,63,64,63,63,63,64,63,60,51,25,10,9,9,11,15,17,19,20,21,24,25,29,30,28,27,25,23,23,23,24,25,25,26,27,26,27,26,26,26,24,23,23,23,23,25,26,27,26,26,27,27,25,24,24,23,23,24,22,19,19,17,16,14,13,12,12,12,12,31,32,32,33,35,35,27,14,10,11,11,11,10,11,12,12,12,12,12,12,13,13,12,10,12,12,12,12,12,11,11,11,11,12,15,17,16,15,13,14,20,31,38,40,43,42,42,41,39,41,44,45,46,47,46,45,46,45,45,44,44,45,44,45,45,45,45,44,43,44,45,44,44,44,44,45,44,44,44,45,45,44,44,44,43,44,44,44,44,43,43,44,43,44,45,44,43,44,44,45,44,45,44,45,45,45,44,44,43,42,42,42,41,39,39,39,39,41,41,42,40,40,39,38,38,36,35,36,43,51,53,56,57,57,57,56,57,57,57,58,59,61,62,64,63,63,63,62,62,62,63,63,64,65,65,64,64,64,64,65,65,65,65,65,65,65,65,65,64,64,63,63,64,64,63,63,63,63,62,59,44,16,9,9,10,14,16,18,19,21,23,24,26,29,28,26,24,23,22,22,25,25,25,26,27,27,26,26,25,24,24,24,22,23,23,25,26,26,26,25,25,25,24,24,22,22,22,22,20,18,16,16,16,15,14,13,12,12,12,13,31,30,33,34,34,28,17,11,10,12,12,11,11,11,12,13,12,13,12,13,13,12,12,10,12,12,12,12,11,11,11,11,12,15,17,15,11,10,11,17,30,39,40,41,42,40,41,40,42,45,46,47,47,46,45,46,46,46,45,44,45,44,45,45,43,43,44,44,44,45,44,44,45,45,44,45,44,44,44,44,45,44,44,44,43,43,43,44,44,44,44,43,44,43,44,45,44,44,43,44,44,44,45,44,44,45,45,44,44,43,43,43,43,41,39,39,40,40,40,40,41,39,39,38,37,36,34,38,46,52,56,56,57,57,56,56,57,57,57,58,61,63,64,64,63,63,63,63,62,63,64,63,64,64,64,64,64,64,64,65,65,65,65,65,65,65,65,65,64,64,63,64,65,64,64,63,63,63,60,56,35,11,10,10,12,15,17,19,21,23,24,26,27,27,28,25,24,24,23,25,26,26,27,26,27,27,26,27,25,23,24,24,24,23,24,25,26,25,25,24,25,23,23,21,21,21,21,20,18,16,16,16,16,14,13,14,13,14,13,15,31,29,32,36,31,20,13,11,11,11,11,11,11,12,12,12,12,12,12,11,12,11,12,11,12,12,11,12,11,11,11,12,14,16,16,11,8,8,14,26,37,42,42,43,41,40,39,42,45,47,47,46,46,45,46,44,46,46,44,45,45,44,44,44,44,43,44,44,44,44,44,44,45,46,44,45,45,43,44,44,45,44,44,44,43,43,44,44,44,44,43,43,42,43,43,43,43,44,43,43,44,45,45,44,44,44,44,43,43,43,43,43,42,40,39,39,38,40,40,38,39,40,39,37,37,35,34,39,47,52,55,56,56,57,56,57,56,57,57,58,61,62,62,63,63,62,63,63,62,63,63,64,64,64,65,64,64,64,64,64,65,65,65,65,65,65,65,64,64,62,62,65,64,64,63,63,62,62,60,51,24,10,9,10,13,16,19,20,22,23,23,25,25,26,25,24,24,24,25,24,27,27,26,27,26,26,25,25,25,25,24,23,24,24,24,24,24,24,24,24,23,21,19,19,20,20,20,17,16,15,15,15,15,14,14,14,14,15,14,17,32,32,34,34,24,15,12,12,11,11,11,11,11,11,12,12,12,12,12,11,12,12,11,11,12,12,11,11,12,11,11,13,15,16,12,8,7,11,23,37,41,43,44,42,40,39,41,46,47,47,47,47,46,46,46,45,45,45,45,44,44,44,44,44,44,44,43,43,44,43,43,44,44,44,44,45,45,45,45,44,44,44,43,43,43,43,43,43,44,44,43,43,42,43,42,43,44,43,43,44,44,44,43,43,43,44,44,44,43,43,43,43,42,40,39,39,39,39,39,39,39,39,39,38,36,35,35,43,49,54,55,56,56,56,57,56,56,58,58,59,61,63,62,62,62,62,63,63,63,63,63,64,64,64,64,64,64,64,64,64,64,65,65,65,65,65,65,64,64,63,62,65,64,65,63,63,63,62,58,46,15,9,9,12,15,19,20,21,22,23,23,25,24,23,24,24,24,26,27,27,27,27,26,26,25,25,24,25,25,24,23,23,24,24,23,24,24,24,24,22,20,18,16,17,19,19,17,16,16,16,16,15,14,13,14,13,14,15,17,19,41,42,40,28,16,12,11,12,11,11,11,12,11,12,11,12,12,12,11,11,11,11,11,11,12,11,11,11,12,11,12,13,14,12,9,6,9,21,36,42,43,43,43,42,39,41,44,47,47,47,47,45,45,45,44,45,45,45,45,44,44,45,44,43,44,44,43,44,44,44,43,45,44,45,44,44,45,44,44,45,43,44,44,44,44,42,43,43,44,44,44,44,44,43,43,43,44,44,43,44,43,44,44,44,44,43,44,43,43,43,43,43,42,40,39,39,38,38,38,38,39,39,38,38,36,35,37,44,51,54,56,56,56,56,56,56,57,58,58,60,61,62,62,62,63,62,63,64,63,63,63,64,64,64,63,63,64,64,64,65,64,65,65,65,65,65,65,64,63,63,63,64,64,64,63,63,62,63,58,36,12,8,9,13,17,20,21,22,22,23,22,23,24,23,24,23,25,26,26,27,26,25,26,27,26,25,24,24,23,23,23,23,24,23,24,23,23,21,20,19,16,15,15,17,17,16,15,15,15,17,15,15,14,14,13,12,13,16,19,21,48,51,44,21,12,10,10,12,11,12,12,13,12,12,12,12,13,13,12,11,11,11,11,11,10,10,11,11,12,12,13,13,11,8,6,8,17,33,41,43,41,40,40,38,40,44,46,47,47,47,47,46,45,45,44,44,45,44,45,44,44,44,44,43,44,43,43,44,44,44,44,45,44,44,44,44,44,45,45,43,43,43,42,43,44,44,43,43,43,43,43,44,44,43,43,43,44,44,43,43,43,43,44,44,43,43,43,43,42,43,43,42,42,40,39,39,38,37,38,38,38,39,38,37,36,35,39,47,52,55,57,57,56,56,56,56,57,58,59,60,61,62,62,61,61,63,62,64,63,64,63,64,64,63,63,64,65,65,64,65,65,65,65,65,65,65,65,64,63,63,63,64,64,64,63,64,63,62,55,28,10,10,11,15,20,21,21,21,22,22,22,23,23,22,23,25,26,27,27,26,26,25,25,26,26,25,24,23,22,23,23,23,24,24,24,23,22,19,17,16,15,14,14,15,14,15,15,16,17,16,15,14,13,13,13,13,14,19,23,25,52,55,41,16,10,11,11,12,11,11,12,12,12,12,13,12,12,12,11,11,12,12,11,11,11,11,12,11,11,12,12,10,8,4,8,17,33,42,44,43,40,38,38,39,43,46,46,47,47,47,47,46,47,44,44,44,44,44,44,44,44,45,44,44,43,43,43,44,44,44,44,44,45,44,44,44,44,45,44,43,44,44,44,43,43,43,43,42,43,43,43,42,43,43,43,43,43,43,43,43,42,42,44,43,43,43,42,42,42,43,43,42,42,41,40,38,37,38,37,37,38,38,38,37,35,36,42,48,54,55,56,56,56,56,56,57,57,59,60,61,62,61,62,62,61,61,62,63,63,63,63,64,63,63,64,63,65,65,64,65,65,65,65,65,65,65,65,64,63,64,63,64,64,64,63,63,64,61,51,20,10,10,13,18,20,21,21,21,22,22,21,21,23,23,25,26,27,27,26,26,26,26,26,26,26,24,22,22,23,24,23,23,24,24,24,21,18,16,14,13,14,13,13,14,15,15,16,16,17,17,15,13,13,13,13,13,17,22,25,27,46,49,32,11,10,11,11,12,11,12,12,12,12,13,13,13,12,11,11,11,10,12,12,10,11,11,11,11,12,12,12,8,7,7,17,34,45,47,47,45,41,39,39,43,45,47,46,47,46,47,47,45,45,45,45,45,45,44,44,44,44,44,43,43,44,44,43,44,44,44,45,44,44,44,44,44,44,44,44,44,44,43,44,43,43,43,42,43,42,42,42,42,42,43,43,43,43,43,43,43,43,42,42,42,42,42,43,42,43,42,42,42,42,42,40,37,36,36,36,37,37,36,38,36,35,37,44,51,55,56,56,57,56,56,56,57,57,60,60,62,62,61,61,61,61,62,62,62,62,63,63,63,63,64,64,64,64,64,65,64,65,65,65,65,65,65,64,64,63,64,64,64,64,64,63,62,62,59,44,15,9,12,15,18,20,21,22,22,22,22,21,22,24,23,26,26,27,27,27,25,26,27,27,25,25,22,21,21,22,23,23,24,24,23,20,17,15,14,13,13,13,12,12,13,16,15,16,16,16,15,13,12,13,12,12,14,19,23,26,27,40,42,26,11,11,11,12,11,12,12,12,13,12,14,13,13,11,11,12,11,11,10,11,11,11,11,11,12,12,12,10,8,6,10,29,44,49,49,48,44,42,39,42,44,47,47,47,47,46,47,47,45,45,45,44,45,44,45,44,44,44,45,44,44,44,44,43,43,44,44,44,45,44,45,44,45,44,44,45,44,43,43,43,43,43,43,42,43,42,42,42,42,42,42,43,43,43,42,42,43,43,42,42,43,42,42,42,42,42,43,42,42,42,41,40,38,37,37,36,37,37,37,36,37,35,38,47,52,57,56,56,56,56,56,56,57,58,60,60,62,62,61,61,61,61,62,62,62,63,62,62,62,63,63,64,64,64,65,65,65,65,65,65,65,65,65,64,64,63,63,63,63,64,64,63,62,61,58,36,12,9,12,15,18,19,21,22,21,21,22,22,23,24,24,25,26,26,27,26,27,26,26,26,25,23,21,20,21,22,23,24,25,23,20,18,15,14,14,13,12,13,12,13,14,15,15,16,14,15,14,13,12,13,11,13,18,22,23,25,27};
               ^~~
make: *** [src/subdir.mk:26: src/main.o] Error 1
00:35:27 **** Auto Build of configuration Debug for project finalP ****
make pre-build main-build 
a9-linaro-pre-build-step
' '
'Building file: ../src/main.c'
'Invoking: ARM v7 gcc compiler'
arm-none-eabi-gcc -Wall -O0 -g3 -c -fmessage-length=0 -MT"src/main.o" -mcpu=cortex-a9 -mfpu=vfpv3 -mfloat-abi=hard -I../../finalP_bsp/ps7_cortexa9_0/include -MMD -MP -MF"src/main.d" -MT"src/main.o" -o "src/main.o" "../src/main.c"
In file included from ../src/main.c:5:0:
../../finalP_bsp/ps7_cortexa9_0/include/xtime_l.h:87:9: note: #pragma message: For the sleep routines, Global timer is being used
 #pragma message ("For the sleep routines, Global timer is being used")
         ^~~~~~~
'Finished building: ../src/main.c'
' '
'Building target: finalP.elf'
'Invoking: ARM v7 gcc linker'
arm-none-eabi-gcc -mcpu=cortex-a9 -mfpu=vfpv3 -mfloat-abi=hard -Wl,-build-id=none -specs=Xilinx.spec -Wl,-T -Wl,../src/lscript.ld -L../../finalP_bsp/ps7_cortexa9_0/lib -o "finalP.elf"  ./src/main.o ./src/platform.o   -Wl,--start-group,-lxil,-lgcc,-lc,--end-group
'Finished building target: finalP.elf'
' '
'Invoking: ARM v7 Print Size'
arm-none-eabi-size finalP.elf  |tee "finalP.elf.size"
   text	   data	    bss	    dec	    hex	filename
  41516	  79088	 179160	 299764	  492f4	finalP.elf
'Finished building: finalP.elf.size'
' '
00:53:55 **** Incremental Build of configuration Debug for project finalP ****
make pre-build main-build 
a9-linaro-pre-build-step
' '
make: Nothing to be done for 'main-build'.
01:06:32 **** Incremental Build of configuration Debug for project finalP ****
make pre-build main-build 
a9-linaro-pre-build-step
' '
make: Nothing to be done for 'main-build'.
01:21:49 **** Auto Build of configuration Debug for project finalP ****
make pre-build main-build 
a9-linaro-pre-build-step
' '
'Building file: ../src/main.c'
'Invoking: ARM v7 gcc compiler'
arm-none-eabi-gcc -Wall -O0 -g3 -c -fmessage-length=0 -MT"src/main.o" -mcpu=cortex-a9 -mfpu=vfpv3 -mfloat-abi=hard -I../../finalP_bsp/ps7_cortexa9_0/include -MMD -MP -MF"src/main.d" -MT"src/main.o" -o "src/main.o" "../src/main.c"
In file included from ../src/main.c:5:0:
../../finalP_bsp/ps7_cortexa9_0/include/xtime_l.h:87:9: note: #pragma message: For the sleep routines, Global timer is being used
 #pragma message ("For the sleep routines, Global timer is being used")
         ^~~~~~~
../src/main.c: In function 'main':
../src/main.c:113:6: warning: unused variable 'c' [-Wunused-variable]
  int c=0;
      ^
'Finished building: ../src/main.c'
' '
'Building target: finalP.elf'
'Invoking: ARM v7 gcc linker'
arm-none-eabi-gcc -mcpu=cortex-a9 -mfpu=vfpv3 -mfloat-abi=hard -Wl,-build-id=none -specs=Xilinx.spec -Wl,-T -Wl,../src/lscript.ld -L../../finalP_bsp/ps7_cortexa9_0/lib -o "finalP.elf"  ./src/main.o ./src/platform.o   -Wl,--start-group,-lxil,-lgcc,-lc,--end-group
'Finished building target: finalP.elf'
' '
'Invoking: ARM v7 Print Size'
arm-none-eabi-size finalP.elf  |tee "finalP.elf.size"
   text	   data	    bss	    dec	    hex	filename
  41280	  79088	 179160	 299528	  49208	finalP.elf
'Finished building: finalP.elf.size'
' '
